Component: Arm Compiler for Embedded 6.21 Tool: armlink [5ec1fa00]

==============================================================================

Section Cross References

    startup_stm32f030x6.o(RESET) refers to startup_stm32f030x6.o(STACK) for __initial_sp
    startup_stm32f030x6.o(RESET) refers to startup_stm32f030x6.o(.text) for Reset_Handler
    startup_stm32f030x6.o(RESET) refers to stm32f0xx_it.o(.text.NMI_Handler) for NMI_Handler
    startup_stm32f030x6.o(RESET) refers to stm32f0xx_it.o(.text.HardFault_Handler) for HardFault_Handler
    startup_stm32f030x6.o(RESET) refers to stm32f0xx_it.o(.text.SVC_Handler) for SVC_Handler
    startup_stm32f030x6.o(RESET) refers to stm32f0xx_it.o(.text.PendSV_Handler) for PendSV_Handler
    startup_stm32f030x6.o(RESET) refers to stm32f0xx_it.o(.text.SysTick_Handler) for SysTick_Handler
    startup_stm32f030x6.o(.text) refers to system_stm32f0xx.o(.text.SystemInit) for SystemInit
    startup_stm32f030x6.o(.text) refers to entry.o(.ARM.Collect$$$$00000000) for __main
    thermometer.o(.text.print_all_regs) refers to bmp280.o(.text.bmp280_ReadSingle) for bmp280_ReadSingle
    thermometer.o(.text.print_all_regs) refers to thermometer.o(.rodata.str1.1) for [Anonymous Symbol]
    thermometer.o(.text.print_all_regs) refers to printfa.o(i.__0printf) for __2printf
    thermometer.o(.ARM.exidx.text.print_all_regs) refers to thermometer.o(.text.print_all_regs) for [Anonymous Symbol]
    thermometer.o(.text.wait_for_results) refers to bmp280.o(.text.bmp280_ReadSingle) for bmp280_ReadSingle
    thermometer.o(.ARM.exidx.text.wait_for_results) refers to thermometer.o(.text.wait_for_results) for [Anonymous Symbol]
    thermometer.o(.text.run_thermometer) refers to bmp280.o(.text.bmp280_Init) for bmp280_Init
    thermometer.o(.text.run_thermometer) refers to ssd1306.o(.text.ssd1306_Init) for ssd1306_Init
    thermometer.o(.text.run_thermometer) refers to bmp280.o(.text.bmp280_ReadMuilt) for bmp280_ReadMuilt
    thermometer.o(.text.run_thermometer) refers to dflti.o(.text) for __aeabi_i2d
    thermometer.o(.text.run_thermometer) refers to dmul.o(.text) for __aeabi_dmul
    thermometer.o(.text.run_thermometer) refers to dadd.o(.text) for __aeabi_dadd
    thermometer.o(.text.run_thermometer) refers to ddiv.o(.text) for __aeabi_ddiv
    thermometer.o(.text.run_thermometer) refers to printfa.o(i.__0sprintf) for __2sprintf
    thermometer.o(.text.run_thermometer) refers to ssd1306.o(.text.ssd1306_SetCursor) for ssd1306_SetCursor
    thermometer.o(.text.run_thermometer) refers to ssd1306.o(.text.ssd1306_WriteString) for ssd1306_WriteString
    thermometer.o(.text.run_thermometer) refers to ssd1306.o(.text.ssd1306_UpdateScreen) for ssd1306_UpdateScreen
    thermometer.o(.text.run_thermometer) refers to ssd1306_fonts.o(.rodata.Font_7x10) for Font_7x10
    thermometer.o(.ARM.exidx.text.run_thermometer) refers to thermometer.o(.text.run_thermometer) for [Anonymous Symbol]
    main.o(.text.main) refers to stm32f0xx_hal.o(.text.HAL_Init) for HAL_Init
    main.o(.text.main) refers to main.o(.text.SystemClock_Config) for SystemClock_Config
    main.o(.text.main) refers to gpio.o(.text.MX_GPIO_Init) for MX_GPIO_Init
    main.o(.text.main) refers to i2c.o(.text.MX_I2C1_Init) for MX_I2C1_Init
    main.o(.text.main) refers to usart.o(.text.MX_USART1_UART_Init) for MX_USART1_UART_Init
    main.o(.text.main) refers to thermometer.o(.text.run_thermometer) for run_thermometer
    main.o(.ARM.exidx.text.main) refers to main.o(.text.main) for [Anonymous Symbol]
    main.o(.text.SystemClock_Config) refers to memseta.o(.text) for __aeabi_memclr4
    main.o(.text.SystemClock_Config) refers to stm32f0xx_hal_rcc.o(.text.HAL_RCC_OscConfig) for HAL_RCC_OscConfig
    main.o(.text.SystemClock_Config) refers to stm32f0xx_hal_rcc.o(.text.HAL_RCC_ClockConfig) for HAL_RCC_ClockConfig
    main.o(.text.SystemClock_Config) refers to stm32f0xx_hal_rcc_ex.o(.text.HAL_RCCEx_PeriphCLKConfig) for HAL_RCCEx_PeriphCLKConfig
    main.o(.ARM.exidx.text.SystemClock_Config) refers to main.o(.text.SystemClock_Config) for [Anonymous Symbol]
    main.o(.ARM.exidx.text.Error_Handler) refers to main.o(.text.Error_Handler) for [Anonymous Symbol]
    main.o(.text.fputc) refers to stm32f0xx_hal_uart.o(.text.HAL_UART_Transmit) for HAL_UART_Transmit
    main.o(.text.fputc) refers to usart.o(.bss.huart1) for huart1
    main.o(.ARM.exidx.text.fputc) refers to main.o(.text.fputc) for [Anonymous Symbol]
    gpio.o(.text.MX_GPIO_Init) refers to stm32f0xx_hal_gpio.o(.text.HAL_GPIO_WritePin) for HAL_GPIO_WritePin
    gpio.o(.text.MX_GPIO_Init) refers to stm32f0xx_hal_gpio.o(.text.HAL_GPIO_Init) for HAL_GPIO_Init
    gpio.o(.ARM.exidx.text.MX_GPIO_Init) refers to gpio.o(.text.MX_GPIO_Init) for [Anonymous Symbol]
    i2c.o(.text.MX_I2C1_Init) refers to memseta.o(.text) for __aeabi_memclr4
    i2c.o(.text.MX_I2C1_Init) refers to stm32f0xx_hal_i2c.o(.text.HAL_I2C_Init) for HAL_I2C_Init
[...]
    Removing stm32f0xx_hal_pwr.o(.text.HAL_PWR_DisableSleepOnExit), (16 bytes).
    Removing stm32f0xx_hal_pwr.o(.ARM.exidx.text.HAL_PWR_DisableSleepOnExit), (8 bytes).
    Removing stm32f0xx_hal_pwr.o(.text.HAL_PWR_EnableSEVOnPend), (16 bytes).
    Removing stm32f0xx_hal_pwr.o(.ARM.exidx.text.HAL_PWR_EnableSEVOnPend), (8 bytes).
    Removing stm32f0xx_hal_pwr.o(.text.HAL_PWR_DisableSEVOnPend), (16 bytes).
    Removing stm32f0xx_hal_pwr.o(.ARM.exidx.text.HAL_PWR_DisableSEVOnPend), (8 bytes).
    Removing stm32f0xx_hal_pwr_ex.o(.text), (0 bytes).
    Removing stm32f0xx_hal_flash.o(.text), (0 bytes).
    Removing stm32f0xx_hal_flash.o(.text.HAL_FLASH_Program), (156 bytes).
    Removing stm32f0xx_hal_flash.o(.ARM.exidx.text.HAL_FLASH_Program), (8 bytes).
    Removing stm32f0xx_hal_flash.o(.text.FLASH_WaitForLastOperation), (80 bytes).
    Removing stm32f0xx_hal_flash.o(.ARM.exidx.text.FLASH_WaitForLastOperation), (8 bytes).
    Removing stm32f0xx_hal_flash.o(.text.HAL_FLASH_Program_IT), (88 bytes).
    Removing stm32f0xx_hal_flash.o(.ARM.exidx.text.HAL_FLASH_Program_IT), (8 bytes).
    Removing stm32f0xx_hal_flash.o(.text.HAL_FLASH_IRQHandler), (288 bytes).
    Removing stm32f0xx_hal_flash.o(.ARM.exidx.text.HAL_FLASH_IRQHandler), (8 bytes).
    Removing stm32f0xx_hal_flash.o(.text.FLASH_SetErrorCode), (60 bytes).
    Removing stm32f0xx_hal_flash.o(.ARM.exidx.text.FLASH_SetErrorCode), (8 bytes).
    Removing stm32f0xx_hal_flash.o(.text.HAL_FLASH_OperationErrorCallback), (2 bytes).
    Removing stm32f0xx_hal_flash.o(.ARM.exidx.text.HAL_FLASH_OperationErrorCallback), (8 bytes).
    Removing stm32f0xx_hal_flash.o(.text.HAL_FLASH_EndOfOperationCallback), (2 bytes).
    Removing stm32f0xx_hal_flash.o(.ARM.exidx.text.HAL_FLASH_EndOfOperationCallback), (8 bytes).
    Removing stm32f0xx_hal_flash.o(.text.HAL_FLASH_Unlock), (40 bytes).
    Removing stm32f0xx_hal_flash.o(.ARM.exidx.text.HAL_FLASH_Unlock), (8 bytes).
    Removing stm32f0xx_hal_flash.o(.text.HAL_FLASH_Lock), (20 bytes).
    Removing stm32f0xx_hal_flash.o(.ARM.exidx.text.HAL_FLASH_Lock), (8 bytes).
    Removing stm32f0xx_hal_flash.o(.text.HAL_FLASH_OB_Unlock), (36 bytes).
    Removing stm32f0xx_hal_flash.o(.ARM.exidx.text.HAL_FLASH_OB_Unlock), (8 bytes).
    Removing stm32f0xx_hal_flash.o(.text.HAL_FLASH_OB_Lock), (20 bytes).
    Removing stm32f0xx_hal_flash.o(.ARM.exidx.text.HAL_FLASH_OB_Lock), (8 bytes).
    Removing stm32f0xx_hal_flash.o(.text.HAL_FLASH_OB_Launch), (32 bytes).
    Removing stm32f0xx_hal_flash.o(.ARM.exidx.text.HAL_FLASH_OB_Launch), (8 bytes).
    Removing stm32f0xx_hal_flash.o(.text.HAL_FLASH_GetError), (12 bytes).
    Removing stm32f0xx_hal_flash.o(.ARM.exidx.text.HAL_FLASH_GetError), (8 bytes).
    Removing stm32f0xx_hal_flash.o(.bss.pFlash), (32 bytes).
    Removing stm32f0xx_hal_flash_ex.o(.text), (0 bytes).
    Removing stm32f0xx_hal_flash_ex.o(.text.HAL_FLASHEx_Erase), (160 bytes).
    Removing stm32f0xx_hal_flash_ex.o(.ARM.exidx.text.HAL_FLASHEx_Erase), (8 bytes).
    Removing stm32f0xx_hal_flash_ex.o(.text.FLASH_MassErase), (36 bytes).
    Removing stm32f0xx_hal_flash_ex.o(.ARM.exidx.text.FLASH_MassErase), (8 bytes).
    Removing stm32f0xx_hal_flash_ex.o(.text.FLASH_PageErase), (36 bytes).
    Removing stm32f0xx_hal_flash_ex.o(.ARM.exidx.text.FLASH_PageErase), (8 bytes).
    Removing stm32f0xx_hal_flash_ex.o(.text.HAL_FLASHEx_Erase_IT), (84 bytes).
    Removing stm32f0xx_hal_flash_ex.o(.ARM.exidx.text.HAL_FLASHEx_Erase_IT), (8 bytes).
    Removing stm32f0xx_hal_flash_ex.o(.text.HAL_FLASHEx_OBErase), (84 bytes).
    Removing stm32f0xx_hal_flash_ex.o(.ARM.exidx.text.HAL_FLASHEx_OBErase), (8 bytes).
    Removing stm32f0xx_hal_flash_ex.o(.text.FLASH_OB_GetRDP), (28 bytes).
    Removing stm32f0xx_hal_flash_ex.o(.ARM.exidx.text.FLASH_OB_GetRDP), (8 bytes).
    Removing stm32f0xx_hal_flash_ex.o(.text.FLASH_OB_RDP_LevelConfig), (100 bytes).
    Removing stm32f0xx_hal_flash_ex.o(.ARM.exidx.text.FLASH_OB_RDP_LevelConfig), (8 bytes).
    Removing stm32f0xx_hal_flash_ex.o(.text.HAL_FLASHEx_OBProgram), (308 bytes).
    Removing stm32f0xx_hal_flash_ex.o(.ARM.exidx.text.HAL_FLASHEx_OBProgram), (8 bytes).
    Removing stm32f0xx_hal_flash_ex.o(.text.HAL_FLASHEx_OBGetConfig), (36 bytes).
    Removing stm32f0xx_hal_flash_ex.o(.ARM.exidx.text.HAL_FLASHEx_OBGetConfig), (8 bytes).
    Removing stm32f0xx_hal_flash_ex.o(.text.HAL_FLASHEx_OBGetUserData), (28 bytes).
    Removing stm32f0xx_hal_flash_ex.o(.ARM.exidx.text.HAL_FLASHEx_OBGetUserData), (8 bytes).
    Removing stm32f0xx_hal_exti.o(.text), (0 bytes).
    Removing stm32f0xx_hal_exti.o(.text.HAL_EXTI_SetConfigLine), (152 bytes).
    Removing stm32f0xx_hal_exti.o(.ARM.exidx.text.HAL_EXTI_SetConfigLine), (8 bytes).
    Removing stm32f0xx_hal_exti.o(.text.HAL_EXTI_GetConfigLine), (124 bytes).
    Removing stm32f0xx_hal_exti.o(.ARM.exidx.text.HAL_EXTI_GetConfigLine), (8 bytes).
    Removing stm32f0xx_hal_exti.o(.text.HAL_EXTI_ClearConfigLine), (96 bytes).
    Removing stm32f0xx_hal_exti.o(.ARM.exidx.text.HAL_EXTI_ClearConfigLine), (8 bytes).
    Removing stm32f0xx_hal_exti.o(.text.HAL_EXTI_RegisterCallback), (14 bytes).
    Removing stm32f0xx_hal_exti.o(.ARM.exidx.text.HAL_EXTI_RegisterCallback), (8 bytes).
    Removing stm32f0xx_hal_exti.o(.text.HAL_EXTI_GetHandle), (14 bytes).
    Removing stm32f0xx_hal_exti.o(.ARM.exidx.text.HAL_EXTI_GetHandle), (8 bytes).
    Removing stm32f0xx_hal_exti.o(.text.HAL_EXTI_IRQHandler), (36 bytes).
    Removing stm32f0xx_hal_exti.o(.ARM.exidx.text.HAL_EXTI_IRQHandler), (8 bytes).
    Removing stm32f0xx_hal_exti.o(.text.HAL_EXTI_GetPending), (24 bytes).
    Removing stm32f0xx_hal_exti.o(.ARM.exidx.text.HAL_EXTI_GetPending), (8 bytes).
    Removing stm32f0xx_hal_exti.o(.text.HAL_EXTI_ClearPending), (20 bytes).
    Removing stm32f0xx_hal_exti.o(.ARM.exidx.text.HAL_EXTI_ClearPending), (8 bytes).
    Removing stm32f0xx_hal_exti.o(.text.HAL_EXTI_GenerateSWI), (20 bytes).
    Removing stm32f0xx_hal_exti.o(.ARM.exidx.text.HAL_EXTI_GenerateSWI), (8 bytes).
    Removing stm32f0xx_hal_tim.o(.text), (0 bytes).
    Removing stm32f0xx_hal_tim_ex.o(.text), (0 bytes).
    Removing stm32f0xx_hal_uart.o(.text), (0 bytes).
    Removing stm32f0xx_hal_uart.o(.ARM.exidx.text.HAL_UART_Init), (8 bytes).
    Removing stm32f0xx_hal_uart.o(.text.HAL_UART_MspInit), (2 bytes).
    Removing stm32f0xx_hal_uart.o(.ARM.exidx.text.HAL_UART_MspInit), (8 bytes).
    Removing stm32f0xx_hal_uart.o(.ARM.exidx.text.UART_AdvFeatureConfig), (8 bytes).
    Removing stm32f0xx_hal_uart.o(.ARM.exidx.text.UART_SetConfig), (8 bytes).
    Removing stm32f0xx_hal_uart.o(.ARM.exidx.text.UART_CheckIdleState), (8 bytes).
    Removing stm32f0xx_hal_uart.o(.text.HAL_HalfDuplex_Init), (104 bytes).
    Removing stm32f0xx_hal_uart.o(.ARM.exidx.text.HAL_HalfDuplex_Init), (8 bytes).
    Removing stm32f0xx_hal_uart.o(.text.HAL_MultiProcessor_Init), (140 bytes).
    Removing stm32f0xx_hal_uart.o(.ARM.exidx.text.HAL_MultiProcessor_Init), (8 bytes).
    Removing stm32f0xx_hal_uart.o(.text.HAL_UART_DeInit), (60 bytes).
    Removing stm32f0xx_hal_uart.o(.ARM.exidx.text.HAL_UART_DeInit), (8 bytes).
    Removing stm32f0xx_hal_uart.o(.text.HAL_UART_MspDeInit), (2 bytes).
    Removing stm32f0xx_hal_uart.o(.ARM.exidx.text.HAL_UART_MspDeInit), (8 bytes).
    Removing stm32f0xx_hal_uart.o(.text.HAL_UART_Transmit), (204 bytes).
    Removing stm32f0xx_hal_uart.o(.ARM.exidx.text.HAL_UART_Transmit), (8 bytes).
    Removing stm32f0xx_hal_uart.o(.ARM.exidx.text.UART_WaitOnFlagUntilTimeout), (8 bytes).
    Removing stm32f0xx_hal_uart.o(.text.HAL_UART_Receive), (240 bytes).
    Removing stm32f0xx_hal_uart.o(.ARM.exidx.text.HAL_UART_Receive), (8 bytes).
    Removing stm32f0xx_hal_uart.o(.text.HAL_UART_Transmit_IT), (116 bytes).
    Removing stm32f0xx_hal_uart.o(.ARM.exidx.text.HAL_UART_Transmit_IT), (8 bytes).
    Removing stm32f0xx_hal_uart.o(.text.UART_TxISR_16BIT), (96 bytes).
    Removing stm32f0xx_hal_uart.o(.ARM.exidx.text.UART_TxISR_16BIT), (8 bytes).
    Removing stm32f0xx_hal_uart.o(.text.UART_TxISR_8BIT), (88 bytes).
    Removing stm32f0xx_hal_uart.o(.ARM.exidx.text.UART_TxISR_8BIT), (8 bytes).
    Removing stm32f0xx_hal_uart.o(.text.HAL_UART_Receive_IT), (90 bytes).
    Removing stm32f0xx_hal_uart.o(.ARM.exidx.text.HAL_UART_Receive_IT), (8 bytes).
    Removing stm32f0xx_hal_uart.o(.text.UART_Start_Receive_IT), (184 bytes).
    Removing stm32f0xx_hal_uart.o(.ARM.exidx.text.UART_Start_Receive_IT), (8 bytes).
    Removing stm32f0xx_hal_uart.o(.text.HAL_UART_Transmit_DMA), (156 bytes).
    Removing stm32f0xx_hal_uart.o(.ARM.exidx.text.HAL_UART_Transmit_DMA), (8 bytes).
    Removing stm32f0xx_hal_uart.o(.text.UART_DMATransmitCplt), (72 bytes).
    Removing stm32f0xx_hal_uart.o(.ARM.exidx.text.UART_DMATransmitCplt), (8 bytes).
    Removing stm32f0xx_hal_uart.o(.text.UART_DMATxHalfCplt), (10 bytes).
    Removing stm32f0xx_hal_uart.o(.ARM.exidx.text.UART_DMATxHalfCplt), (8 bytes).
    Removing stm32f0xx_hal_uart.o(.text.UART_DMAError), (78 bytes).
    Removing stm32f0xx_hal_uart.o(.ARM.exidx.text.UART_DMAError), (8 bytes).
    Removing stm32f0xx_hal_uart.o(.text.HAL_UART_Receive_DMA), (88 bytes).
    Removing stm32f0xx_hal_uart.o(.ARM.exidx.text.HAL_UART_Receive_DMA), (8 bytes).
    Removing stm32f0xx_hal_uart.o(.text.UART_Start_Receive_DMA), (160 bytes).
    Removing stm32f0xx_hal_uart.o(.ARM.exidx.text.UART_Start_Receive_DMA), (8 bytes).
    Removing stm32f0xx_hal_uart.o(.text.HAL_UART_DMAPause), (124 bytes).
    Removing stm32f0xx_hal_uart.o(.ARM.exidx.text.HAL_UART_DMAPause), (8 bytes).
    Removing stm32f0xx_hal_uart.o(.text.HAL_UART_DMAResume), (124 bytes).
    Removing stm32f0xx_hal_uart.o(.ARM.exidx.text.HAL_UART_DMAResume), (8 bytes).
    Removing stm32f0xx_hal_uart.o(.text.HAL_UART_DMAStop), (158 bytes).
    Removing stm32f0xx_hal_uart.o(.ARM.exidx.text.HAL_UART_DMAStop), (8 bytes).
    Removing stm32f0xx_hal_uart.o(.text.UART_EndTxTransfer), (32 bytes).
    Removing stm32f0xx_hal_uart.o(.ARM.exidx.text.UART_EndTxTransfer), (8 bytes).
    Removing stm32f0xx_hal_uart.o(.ARM.exidx.text.UART_EndRxTransfer), (8 bytes).
    Removing stm32f0xx_hal_uart.o(.text.HAL_UART_Abort), (240 bytes).
    Removing stm32f0xx_hal_uart.o(.ARM.exidx.text.HAL_UART_Abort), (8 bytes).
    Removing stm32f0xx_hal_uart.o(.text.HAL_UART_AbortTransmit), (110 bytes).
    Removing stm32f0xx_hal_uart.o(.ARM.exidx.text.HAL_UART_AbortTransmit), (8 bytes).
    Removing stm32f0xx_hal_uart.o(.text.HAL_UART_AbortReceive), (178 bytes).
    Removing stm32f0xx_hal_uart.o(.ARM.exidx.text.HAL_UART_AbortReceive), (8 bytes).
    Removing stm32f0xx_hal_uart.o(.text.HAL_UART_Abort_IT), (288 bytes).
    Removing stm32f0xx_hal_uart.o(.ARM.exidx.text.HAL_UART_Abort_IT), (8 bytes).
    Removing stm32f0xx_hal_uart.o(.text.UART_DMATxAbortCallback), (58 bytes).
    Removing stm32f0xx_hal_uart.o(.ARM.exidx.text.UART_DMATxAbortCallback), (8 bytes).
    Removing stm32f0xx_hal_uart.o(.text.UART_DMARxAbortCallback), (66 bytes).
    Removing stm32f0xx_hal_uart.o(.ARM.exidx.text.UART_DMARxAbortCallback), (8 bytes).
    Removing stm32f0xx_hal_uart.o(.text.HAL_UART_AbortCpltCallback), (2 bytes).
    Removing stm32f0xx_hal_uart.o(.ARM.exidx.text.HAL_UART_AbortCpltCallback), (8 bytes).
    Removing stm32f0xx_hal_uart.o(.text.HAL_UART_AbortTransmit_IT), (112 bytes).
    Removing stm32f0xx_hal_uart.o(.ARM.exidx.text.HAL_UART_AbortTransmit_IT), (8 bytes).
    Removing stm32f0xx_hal_uart.o(.text.UART_DMATxOnlyAbortCallback), (20 bytes).
    Removing stm32f0xx_hal_uart.o(.ARM.exidx.text.UART_DMATxOnlyAbortCallback), (8 bytes).
    Removing stm32f0xx_hal_uart.o(.text.HAL_UART_AbortTransmitCpltCallback), (2 bytes).
    Removing stm32f0xx_hal_uart.o(.ARM.exidx.text.HAL_UART_AbortTransmitCpltCallback), (8 bytes).
    Removing stm32f0xx_hal_uart.o(.text.HAL_UART_AbortReceive_IT), (192 bytes).
    Removing stm32f0xx_hal_uart.o(.ARM.exidx.text.HAL_UART_AbortReceive_IT), (8 bytes).
    Removing stm32f0xx_hal_uart.o(.text.UART_DMARxOnlyAbortCallback), (38 bytes).
    Removing stm32f0xx_hal_uart.o(.ARM.exidx.text.UART_DMARxOnlyAbortCallback), (8 bytes).
    Removing stm32f0xx_hal_uart.o(.text.HAL_UART_AbortReceiveCpltCallback), (2 bytes).
    Removing stm32f0xx_hal_uart.o(.ARM.exidx.text.HAL_UART_AbortReceiveCpltCallback), (8 bytes).
    Removing stm32f0xx_hal_uart.o(.text.HAL_UART_IRQHandler), (692 bytes).
    Removing stm32f0xx_hal_uart.o(.ARM.exidx.text.HAL_UART_IRQHandler), (8 bytes).
    Removing stm32f0xx_hal_uart.o(.text.UART_DMAAbortOnError), (22 bytes).
    Removing stm32f0xx_hal_uart.o(.ARM.exidx.text.UART_DMAAbortOnError), (8 bytes).
    Removing stm32f0xx_hal_uart.o(.text.HAL_UART_ErrorCallback), (2 bytes).
    Removing stm32f0xx_hal_uart.o(.ARM.exidx.text.HAL_UART_ErrorCallback), (8 bytes).
    Removing stm32f0xx_hal_uart.o(.text.HAL_UARTEx_RxEventCallback), (2 bytes).
    Removing stm32f0xx_hal_uart.o(.ARM.exidx.text.HAL_UARTEx_RxEventCallback), (8 bytes).
    Removing stm32f0xx_hal_uart.o(.text.HAL_UART_TxCpltCallback), (2 bytes).
    Removing stm32f0xx_hal_uart.o(.ARM.exidx.text.HAL_UART_TxCpltCallback), (8 bytes).
    Removing stm32f0xx_hal_uart.o(.text.HAL_UART_TxHalfCpltCallback), (2 bytes).
    Removing stm32f0xx_hal_uart.o(.ARM.exidx.text.HAL_UART_TxHalfCpltCallback), (8 bytes).
    Removing stm32f0xx_hal_uart.o(.text.HAL_UART_RxCpltCallback), (2 bytes).
    Removing stm32f0xx_hal_uart.o(.ARM.exidx.text.HAL_UART_RxCpltCallback), (8 bytes).
    Removing stm32f0xx_hal_uart.o(.text.HAL_UART_RxHalfCpltCallback), (2 bytes).
    Removing stm32f0xx_hal_uart.o(.ARM.exidx.text.HAL_UART_RxHalfCpltCallback), (8 bytes).
    Removing stm32f0xx_hal_uart.o(.text.HAL_UART_ReceiverTimeout_Config), (16 bytes).
    Removing stm32f0xx_hal_uart.o(.ARM.exidx.text.HAL_UART_ReceiverTimeout_Config), (8 bytes).
    Removing stm32f0xx_hal_uart.o(.text.HAL_UART_EnableReceiverTimeout), (50 bytes).
    Removing stm32f0xx_hal_uart.o(.ARM.exidx.text.HAL_UART_EnableReceiverTimeout), (8 bytes).
    Removing stm32f0xx_hal_uart.o(.text.HAL_UART_DisableReceiverTimeout), (50 bytes).
    Removing stm32f0xx_hal_uart.o(.ARM.exidx.text.HAL_UART_DisableReceiverTimeout), (8 bytes).
    Removing stm32f0xx_hal_uart.o(.text.HAL_MultiProcessor_EnableMuteMode), (58 bytes).
    Removing stm32f0xx_hal_uart.o(.ARM.exidx.text.HAL_MultiProcessor_EnableMuteMode), (8 bytes).
    Removing stm32f0xx_hal_uart.o(.text.HAL_MultiProcessor_DisableMuteMode), (58 bytes).
    Removing stm32f0xx_hal_uart.o(.ARM.exidx.text.HAL_MultiProcessor_DisableMuteMode), (8 bytes).
    Removing stm32f0xx_hal_uart.o(.text.HAL_MultiProcessor_EnterMuteMode), (12 bytes).
    Removing stm32f0xx_hal_uart.o(.ARM.exidx.text.HAL_MultiProcessor_EnterMuteMode), (8 bytes).
    Removing stm32f0xx_hal_uart.o(.text.HAL_HalfDuplex_EnableTransmitter), (82 bytes).
    Removing stm32f0xx_hal_uart.o(.ARM.exidx.text.HAL_HalfDuplex_EnableTransmitter), (8 bytes).
    Removing stm32f0xx_hal_uart.o(.text.HAL_HalfDuplex_EnableReceiver), (82 bytes).
    Removing stm32f0xx_hal_uart.o(.ARM.exidx.text.HAL_HalfDuplex_EnableReceiver), (8 bytes).
    Removing stm32f0xx_hal_uart.o(.text.HAL_UART_GetState), (10 bytes).
    Removing stm32f0xx_hal_uart.o(.ARM.exidx.text.HAL_UART_GetState), (8 bytes).
    Removing stm32f0xx_hal_uart.o(.text.HAL_UART_GetError), (6 bytes).
    Removing stm32f0xx_hal_uart.o(.ARM.exidx.text.HAL_UART_GetError), (8 bytes).
    Removing stm32f0xx_hal_uart.o(.text.UART_RxISR_16BIT), (192 bytes).
    Removing stm32f0xx_hal_uart.o(.ARM.exidx.text.UART_RxISR_16BIT), (8 bytes).
    Removing stm32f0xx_hal_uart.o(.text.UART_RxISR_8BIT), (194 bytes).
    Removing stm32f0xx_hal_uart.o(.ARM.exidx.text.UART_RxISR_8BIT), (8 bytes).
    Removing stm32f0xx_hal_uart.o(.text.UART_DMAReceiveCplt), (142 bytes).
    Removing stm32f0xx_hal_uart.o(.ARM.exidx.text.UART_DMAReceiveCplt), (8 bytes).
    Removing stm32f0xx_hal_uart.o(.text.UART_DMARxHalfCplt), (32 bytes).
    Removing stm32f0xx_hal_uart.o(.ARM.exidx.text.UART_DMARxHalfCplt), (8 bytes).
    Removing stm32f0xx_hal_uart_ex.o(.text), (0 bytes).
    Removing stm32f0xx_hal_uart_ex.o(.text.HAL_RS485Ex_Init), (136 bytes).
    Removing stm32f0xx_hal_uart_ex.o(.ARM.exidx.text.HAL_RS485Ex_Init), (8 bytes).
    Removing stm32f0xx_hal_uart_ex.o(.text.HAL_MultiProcessorEx_AddressLength_Set), (46 bytes).
    Removing stm32f0xx_hal_uart_ex.o(.ARM.exidx.text.HAL_MultiProcessorEx_AddressLength_Set), (8 bytes).
    Removing stm32f0xx_hal_uart_ex.o(.text.HAL_UARTEx_ReceiveToIdle), (288 bytes).
    Removing stm32f0xx_hal_uart_ex.o(.ARM.exidx.text.HAL_UARTEx_ReceiveToIdle), (8 bytes).
    Removing stm32f0xx_hal_uart_ex.o(.text.HAL_UARTEx_ReceiveToIdle_IT), (98 bytes).
    Removing stm32f0xx_hal_uart_ex.o(.ARM.exidx.text.HAL_UARTEx_ReceiveToIdle_IT), (8 bytes).
    Removing stm32f0xx_hal_uart_ex.o(.text.HAL_UARTEx_ReceiveToIdle_DMA), (108 bytes).
    Removing stm32f0xx_hal_uart_ex.o(.ARM.exidx.text.HAL_UARTEx_ReceiveToIdle_DMA), (8 bytes).
    Removing stm32f0xx_hal_uart_ex.o(.text.HAL_UARTEx_GetRxEventType), (4 bytes).
    Removing stm32f0xx_hal_uart_ex.o(.ARM.exidx.text.HAL_UARTEx_GetRxEventType), (8 bytes).
    Removing system_stm32f0xx.o(.text), (0 bytes).
    Removing system_stm32f0xx.o(.ARM.exidx.text.SystemInit), (8 bytes).
    Removing system_stm32f0xx.o(.text.SystemCoreClockUpdate), (92 bytes).
    Removing system_stm32f0xx.o(.ARM.exidx.text.SystemCoreClockUpdate), (8 bytes).
    Removing ssd1306.o(.text), (0 bytes).
    Removing ssd1306.o(.text.ssd1306_Reset), (2 bytes).
    Removing ssd1306.o(.ARM.exidx.text.ssd1306_Reset), (8 bytes).
    Removing ssd1306.o(.ARM.exidx.text.ssd1306_WriteCommand), (8 bytes).
    Removing ssd1306.o(.ARM.exidx.text.ssd1306_WriteData), (8 bytes).
    Removing ssd1306.o(.text.ssd1306_FillBuffer), (28 bytes).
    Removing ssd1306.o(.ARM.exidx.text.ssd1306_FillBuffer), (8 bytes).
    Removing ssd1306.o(.ARM.exidx.text.ssd1306_Init), (8 bytes).
    Removing ssd1306.o(.ARM.exidx.text.ssd1306_SetDisplayOn), (8 bytes).
    Removing ssd1306.o(.ARM.exidx.text.ssd1306_SetContrast), (8 bytes).
    Removing ssd1306.o(.text.ssd1306_Fill), (28 bytes).
    Removing ssd1306.o(.ARM.exidx.text.ssd1306_Fill), (8 bytes).
    Removing ssd1306.o(.ARM.exidx.text.ssd1306_UpdateScreen), (8 bytes).
    Removing ssd1306.o(.ARM.exidx.text.ssd1306_DrawPixel), (8 bytes).
    Removing ssd1306.o(.ARM.exidx.text.ssd1306_WriteChar), (8 bytes).
    Removing ssd1306.o(.ARM.exidx.text.ssd1306_WriteString), (8 bytes).
    Removing ssd1306.o(.ARM.exidx.text.ssd1306_SetCursor), (8 bytes).
    Removing ssd1306.o(.text.ssd1306_Line), (150 bytes).
    Removing ssd1306.o(.ARM.exidx.text.ssd1306_Line), (8 bytes).
    Removing ssd1306.o(.text.ssd1306_Polyline), (40 bytes).
    Removing ssd1306.o(.ARM.exidx.text.ssd1306_Polyline), (8 bytes).
    Removing ssd1306.o(.text.ssd1306_DrawArc), (316 bytes).
    Removing ssd1306.o(.ARM.exidx.text.ssd1306_DrawArc), (8 bytes).
    Removing ssd1306.o(.text.ssd1306_DrawArcWithRadiusLine), (428 bytes).
    Removing ssd1306.o(.ARM.exidx.text.ssd1306_DrawArcWithRadiusLine), (8 bytes).
    Removing ssd1306.o(.text.ssd1306_DrawCircle), (168 bytes).
    Removing ssd1306.o(.ARM.exidx.text.ssd1306_DrawCircle), (8 bytes).
    Removing ssd1306.o(.text.ssd1306_FillCircle), (152 bytes).
    Removing ssd1306.o(.ARM.exidx.text.ssd1306_FillCircle), (8 bytes).
    Removing ssd1306.o(.text.ssd1306_DrawRectangle), (76 bytes).
    Removing ssd1306.o(.ARM.exidx.text.ssd1306_DrawRectangle), (8 bytes).
    Removing ssd1306.o(.text.ssd1306_FillRectangle), (84 bytes).
    Removing ssd1306.o(.ARM.exidx.text.ssd1306_FillRectangle), (8 bytes).
    Removing ssd1306.o(.text.ssd1306_InvertRectangle), (172 bytes).
    Removing ssd1306.o(.ARM.exidx.text.ssd1306_InvertRectangle), (8 bytes).
    Removing ssd1306.o(.text.ssd1306_DrawBitmap), (118 bytes).
    Removing ssd1306.o(.ARM.exidx.text.ssd1306_DrawBitmap), (8 bytes).
    Removing ssd1306.o(.text.ssd1306_GetDisplayOn), (12 bytes).
    Removing ssd1306.o(.ARM.exidx.text.ssd1306_GetDisplayOn), (8 bytes).
    Removing ssd1306.o(.text.lcd_openning), (94 bytes).
    Removing ssd1306.o(.ARM.exidx.text.lcd_openning), (8 bytes).
    Removing ssd1306_fonts.o(.text), (0 bytes).
    Removing ssd1306_tests.o(.text), (0 bytes).
    Removing ssd1306_tests.o(.text.ssd1306_TestBorder), (116 bytes).
    Removing ssd1306_tests.o(.ARM.exidx.text.ssd1306_TestBorder), (8 bytes).
    Removing ssd1306_tests.o(.text.ssd1306_TestFonts1), (56 bytes).
    Removing ssd1306_tests.o(.ARM.exidx.text.ssd1306_TestFonts1), (8 bytes).
    Removing ssd1306_tests.o(.text.ssd1306_TestFonts2), (2 bytes).
    Removing ssd1306_tests.o(.ARM.exidx.text.ssd1306_TestFonts2), (8 bytes).
    Removing ssd1306_tests.o(.text.ssd1306_TestFonts3), (14 bytes).
    Removing ssd1306_tests.o(.ARM.exidx.text.ssd1306_TestFonts3), (8 bytes).
    Removing ssd1306_tests.o(.text.ssd1306_TestFPS), (2 bytes).
    Removing ssd1306_tests.o(.ARM.exidx.text.ssd1306_TestFPS), (8 bytes).
    Removing ssd1306_tests.o(.text.ssd1306_TestLine), (42 bytes).
    Removing ssd1306_tests.o(.ARM.exidx.text.ssd1306_TestLine), (8 bytes).
    Removing ssd1306_tests.o(.text.ssd1306_TestRectangle), (48 bytes).
    Removing ssd1306_tests.o(.ARM.exidx.text.ssd1306_TestRectangle), (8 bytes).
    Removing ssd1306_tests.o(.text.ssd1306_TestRectangleFill), (72 bytes).
    Removing ssd1306_tests.o(.ARM.exidx.text.ssd1306_TestRectangleFill), (8 bytes).
    Removing ssd1306_tests.o(.text.ssd1306_TestRectangleInvert), (62 bytes).
    Removing ssd1306_tests.o(.ARM.exidx.text.ssd1306_TestRectangleInvert), (8 bytes).
    Removing ssd1306_tests.o(.text.ssd1306_TestCircle), (64 bytes).
    Removing ssd1306_tests.o(.ARM.exidx.text.ssd1306_TestCircle), (8 bytes).
    Removing ssd1306_tests.o(.text.ssd1306_TestArc), (48 bytes).
    Removing ssd1306_tests.o(.ARM.exidx.text.ssd1306_TestArc), (8 bytes).
    Removing ssd1306_tests.o(.text.ssd1306_TestPolyline), (36 bytes).
    Removing ssd1306_tests.o(.ARM.exidx.text.ssd1306_TestPolyline), (8 bytes).
    Removing ssd1306_tests.o(.text.ssd1306_TestDrawBitmap), (132 bytes).
    Removing ssd1306_tests.o(.ARM.exidx.text.ssd1306_TestDrawBitmap), (8 bytes).
    Removing ssd1306_tests.o(.text.ssd1306_TestAll), (140 bytes).
    Removing ssd1306_tests.o(.ARM.exidx.text.ssd1306_TestAll), (8 bytes).
    Removing ssd1306_tests.o(.rodata.garfield_128x64), (1024 bytes).
    Removing ssd1306_tests.o(.rodata.github_logo_64x64), (512 bytes).
    Removing ssd1306_tests.o(.rodata..L__const.ssd1306_TestPolyline.loc_vertex), (14 bytes).
    Removing bmp280.o(.text), (0 bytes).
    Removing bmp280.o(.ARM.exidx.text.bmp280_Reset), (8 bytes).
    Removing bmp280.o(.ARM.exidx.text.bmp280_WriteCommand), (8 bytes).
    Removing bmp280.o(.text.bmp280_ReadSingle), (32 bytes).
    Removing bmp280.o(.ARM.exidx.text.bmp280_ReadSingle), (8 bytes).
    Removing bmp280.o(.ARM.exidx.text.bmp280_ReadMuilt), (8 bytes).
    Removing bmp280.o(.ARM.exidx.text.bmp280_Init), (8 bytes).
    Removing bmp280_tests.o(.text), (0 bytes).
    Removing fmul.o(.text), (122 bytes).
    Removing fdiv.o(.text), (124 bytes).
    Removing ffltui.o(.text), (14 bytes).
    Removing ffixi.o(.text), (50 bytes).
    Removing fepilogue.o(.text), (130 bytes).
    Removing fadd.o(.text), (178 bytes).
    Removing frnd.o(.text), (62 bytes).
    Removing fscalb.o(.text), (24 bytes).
    Removing fflti.o(.text), (22 bytes).

654 unused section(s) (total 30906 bytes) removed from the image.

==============================================================================

Image Symbol Table

    Local Symbols

    Symbol Name                              Value     Ov Type        Size  Object(Section)

    ../clib/division.s                       0x00000000   Number         0  aeabi_sdiv.o ABSOLUTE
    ../clib/division.s                       0x00000000   Number         0  aeabi_sdiv_div0.o ABSOLUTE
    ../clib/microlib/division.c              0x00000000   Number         0  uidiv.o ABSOLUTE
    ../clib/microlib/division.c              0x00000000   Number         0  uidiv_div0.o ABSOLUTE
    ../clib/microlib/division.c              0x00000000   Number         0  idiv_div0.o ABSOLUTE
    ../clib/microlib/division.c              0x00000000   Number         0  idiv0.o ABSOLUTE
    ../clib/microlib/division.c              0x00000000   Number         0  uldiv.o ABSOLUTE
    ../clib/microlib/errno.c                 0x00000000   Number         0  errno.o ABSOLUTE
    ../clib/microlib/init/entry.s            0x00000000   Number         0  entry.o ABSOLUTE
    ../clib/microlib/init/entry.s            0x00000000   Number         0  entry2.o ABSOLUTE
    ../clib/microlib/init/entry.s            0x00000000   Number         0  entry5.o ABSOLUTE
    ../clib/microlib/init/entry.s            0x00000000   Number         0  entry7a.o ABSOLUTE
    ../clib/microlib/init/entry.s            0x00000000   Number         0  entry7b.o ABSOLUTE
    ../clib/microlib/init/entry.s            0x00000000   Number         0  entry8a.o ABSOLUTE
    ../clib/microlib/init/entry.s            0x00000000   Number         0  entry8b.o ABSOLUTE
    ../clib/microlib/init/entry.s            0x00000000   Number         0  entry9a.o ABSOLUTE
    ../clib/microlib/init/entry.s            0x00000000   Number         0  entry9b.o ABSOLUTE
    ../clib/microlib/init/entry.s            0x00000000   Number         0  entry10a.o ABSOLUTE
    ../clib/microlib/init/entry.s            0x00000000   Number         0  entry10b.o ABSOLUTE
    ../clib/microlib/init/entry.s            0x00000000   Number         0  entry11a.o ABSOLUTE
    ../clib/microlib/init/entry.s            0x00000000   Number         0  entry11b.o ABSOLUTE
    ../clib/microlib/longlong.c              0x00000000   Number         0  llushr.o ABSOLUTE
    ../clib/microlib/longlong.c              0x00000000   Number         0  llshl.o ABSOLUTE
    ../clib/microlib/longlong.c              0x00000000   Number         0  llsshr.o ABSOLUTE
    ../clib/microlib/printf/printf.c         0x00000000   Number         0  printfb.o ABSOLUTE
    ../clib/microlib/printf/printf.c         0x00000000   Number         0  printf0.o ABSOLUTE
    ../clib/microlib/printf/printf.c         0x00000000   Number         0  printf1.o ABSOLUTE
    ../clib/microlib/printf/printf.c         0x00000000   Number         0  printf2.o ABSOLUTE
    ../clib/microlib/printf/printf.c         0x00000000   Number         0  printf3.o ABSOLUTE
    ../clib/microlib/printf/printf.c         0x00000000   Number         0  printf4.o ABSOLUTE
    ../clib/microlib/printf/printf.c         0x00000000   Number         0  printf5.o ABSOLUTE
    ../clib/microlib/printf/printf.c         0x00000000   Number         0  printf6.o ABSOLUTE
    ../clib/microlib/printf/printf.c         0x00000000   Number         0  printf7.o ABSOLUTE
    ../clib/microlib/printf/printf.c         0x00000000   Number         0  printf8.o ABSOLUTE
    ../clib/microlib/printf/printf.c         0x00000000   Number         0  printfa.o ABSOLUTE
    ../clib/microlib/printf/stubs.s          0x00000000   Number         0  printfstubs.o ABSOLUTE
    ../clib/microlib/stdio/streams.c         0x00000000   Number         0  stdout.o ABSOLUTE
    ../clib/microlib/string/memcpy.c         0x00000000   Number         0  memcpya.o ABSOLUTE
    ../clib/microlib/string/memcpy.c         0x00000000   Number         0  memcpyb.o ABSOLUTE
    ../clib/microlib/string/memset.c         0x00000000   Number         0  memseta.o ABSOLUTE
    ../clib/microlib/stubs.s                 0x00000000   Number         0  iusefp.o ABSOLUTE
    ../fplib/microlib/fpadd.c                0x00000000   Number         0  dadd.o ABSOLUTE
    ../fplib/microlib/fpadd.c                0x00000000   Number         0  fadd.o ABSOLUTE
    ../fplib/microlib/fpdiv.c                0x00000000   Number         0  fdiv.o ABSOLUTE
    ../fplib/microlib/fpdiv.c                0x00000000   Number         0  ddiv.o ABSOLUTE
    ../fplib/microlib/fpepilogue.c           0x00000000   Number         0  fepilogue.o ABSOLUTE
    ../fplib/microlib/fpepilogue.c           0x00000000   Number         0  depilogue.o ABSOLUTE
    ../fplib/microlib/fpfix.c                0x00000000   Number         0  ffixi.o ABSOLUTE
    ../fplib/microlib/fpfix.c                0x00000000   Number         0  dfixul.o ABSOLUTE
    ../fplib/microlib/fpflt.c                0x00000000   Number         0  ffltui.o ABSOLUTE
    ../fplib/microlib/fpflt.c                0x00000000   Number         0  dflti.o ABSOLUTE
    ../fplib/microlib/fpflt.c                0x00000000   Number         0  fflti.o ABSOLUTE
    ../fplib/microlib/fpmul.c                0x00000000   Number         0  fmul.o ABSOLUTE
    ../fplib/microlib/fpmul.c                0x00000000   Number         0  dmul.o ABSOLUTE
    ../fplib/microlib/fprnd.c                0x00000000   Number         0  frnd.o ABSOLUTE
    ../fplib/microlib/fpscalb.c              0x00000000   Number         0  fscalb.o ABSOLUTE
    ../mathlib/cosf.c                        0x00000000   Number         0  cosf.o ABSOLUTE
    ../mathlib/fpclassifyf.c                 0x00000000   Number         0  fpclassifyf.o ABSOLUTE
    ../mathlib/funder.c                      0x00000000   Number         0  funder.o ABSOLUTE
    ../mathlib/rredf.c                       0x00000000   Number         0  rredf.o ABSOLUTE
    ../mathlib/sinf.c                        0x00000000   Number         0  sinf.o ABSOLUTE
    bmp280.c                                 0x00000000   Number         0  bmp280.o ABSOLUTE
    bmp280_tests.c                           0x00000000   Number         0  bmp280_tests.o ABSOLUTE
    cdrcmple.s                               0x00000000   Number         0  cdrcmple.o ABSOLUTE
    dc.s                                     0x00000000   Number         0  dc.o ABSOLUTE
    gpio.c                                   0x00000000   Number         0  gpio.o ABSOLUTE
    handlers.s                               0x00000000   Number         0  handlers.o ABSOLUTE
    i2c.c                                    0x00000000   Number         0  i2c.o ABSOLUTE
    init.s                                   0x00000000   Number         0  init.o ABSOLUTE
    main.c                                   0x00000000   Number         0  main.o ABSOLUTE
    ssd1306.c                                0x00000000   Number         0  ssd1306.o ABSOLUTE
    ssd1306_fonts.c                          0x00000000   Number         0  ssd1306_fonts.o ABSOLUTE
    ssd1306_tests.c                          0x00000000   Number         0  ssd1306_tests.o ABSOLUTE
    startup_stm32f030x6.s                    0x00000000   Number         0  startup_stm32f030x6.o ABSOLUTE
    stm32f0xx_hal.c                          0x00000000   Number         0  stm32f0xx_hal.o ABSOLUTE
    stm32f0xx_hal_cortex.c                   0x00000000   Number         0  stm32f0xx_hal_cortex.o ABSOLUTE
    stm32f0xx_hal_dma.c                      0x00000000   Number         0  stm32f0xx_hal_dma.o ABSOLUTE
    stm32f0xx_hal_exti.c                     0x00000000   Number         0  stm32f0xx_hal_exti.o ABSOLUTE
    stm32f0xx_hal_flash.c                    0x00000000   Number         0  stm32f0xx_hal_flash.o ABSOLUTE
    stm32f0xx_hal_flash_ex.c                 0x00000000   Number         0  stm32f0xx_hal_flash_ex.o ABSOLUTE
    stm32f0xx_hal_gpio.c                     0x00000000   Number         0  stm32f0xx_hal_gpio.o ABSOLUTE
    stm32f0xx_hal_i2c.c                      0x00000000   Number         0  stm32f0xx_hal_i2c.o ABSOLUTE
    stm32f0xx_hal_i2c_ex.c                   0x00000000   Number         0  stm32f0xx_hal_i2c_ex.o ABSOLUTE
    stm32f0xx_hal_msp.c                      0x00000000   Number         0  stm32f0xx_hal_msp.o ABSOLUTE
    stm32f0xx_hal_pwr.c                      0x00000000   Number         0  stm32f0xx_hal_pwr.o ABSOLUTE
    stm32f0xx_hal_pwr_ex.c                   0x00000000   Number         0  stm32f0xx_hal_pwr_ex.o ABSOLUTE
    stm32f0xx_hal_rcc.c                      0x00000000   Number         0  stm32f0xx_hal_rcc.o ABSOLUTE
    stm32f0xx_hal_rcc_ex.c                   0x00000000   Number         0  stm32f0xx_hal_rcc_ex.o ABSOLUTE
    stm32f0xx_hal_tim.c                      0x00000000   Number         0  stm32f0xx_hal_tim.o ABSOLUTE
    stm32f0xx_hal_tim_ex.c                   0x00000000   Number         0  stm32f0xx_hal_tim_ex.o ABSOLUTE
    stm32f0xx_hal_uart.c                     0x00000000   Number         0  stm32f0xx_hal_uart.o ABSOLUTE
    stm32f0xx_hal_uart_ex.c                  0x00000000   Number         0  stm32f0xx_hal_uart_ex.o ABSOLUTE
    stm32f0xx_it.c                           0x00000000   Number         0  stm32f0xx_it.o ABSOLUTE
    system_stm32f0xx.c                       0x00000000   Number         0  system_stm32f0xx.o ABSOLUTE
    thermometer.c                            0x00000000   Number         0  thermometer.o ABSOLUTE
    usart.c                                  0x00000000   Number         0  usart.o ABSOLUTE
    RESET                                    0x08000000   Section      176  startup_stm32f030x6.o(RESET)
    .ARM.Collect$$$$00000000                 0x080000b0   Section        0  entry.o(.ARM.Collect$$$$00000000)
    .ARM.Collect$$$$00000001                 0x080000b0   Section        4  entry2.o(.ARM.Collect$$$$00000001)
    .ARM.Collect$$$$00000004                 0x080000b4   Section        4  entry5.o(.ARM.Collect$$$$00000004)
    .ARM.Collect$$$$00000008                 0x080000b8   Section        0  entry7b.o(.ARM.Collect$$$$00000008)
    .ARM.Collect$$$$0000000A                 0x080000b8   Section        0  entry8b.o(.ARM.Collect$$$$0000000A)
    .ARM.Collect$$$$0000000B                 0x080000b8   Section        8  entry9a.o(.ARM.Collect$$$$0000000B)
    __lit__00000000                          0x080000c0   Data           4  entry2.o(.ARM.Collect$$$$00002712)
    .ARM.Collect$$$$0000000D                 0x080000c0   Section        0  entry10a.o(.ARM.Collect$$$$0000000D)
    .ARM.Collect$$$$0000000F                 0x080000c0   Section        0  entry11a.o(.ARM.Collect$$$$0000000F)
    .ARM.Collect$$$$00002712                 0x080000c0   Section        4  entry2.o(.ARM.Collect$$$$00002712)
    .text                                    0x080000c4   Section       28  startup_stm32f030x6.o(.text)
    .text                                    0x080000e0   Section        0  llushr.o(.text)
    .text                                    0x08000102   Section        0  memseta.o(.text)
    .text                                    0x08000128   Section        0  dadd.o(.text)
    .text                                    0x0800028c   Section        0  dmul.o(.text)
    .text                                    0x0800035c   Section        0  ddiv.o(.text)
    .text                                    0x0800044c   Section        0  dflti.o(.text)
    .text                                    0x08000474   Section        0  uidiv_div0.o(.text)
    .text                                    0x080004b2   Section        0  uldiv.o(.text)
    .text                                    0x08000512   Section        0  llshl.o(.text)
    .text                                    0x08000532   Section        0  llsshr.o(.text)
    .text                                    0x08000558   Section        0  iusefp.o(.text)
    .text                                    0x08000558   Section        0  depilogue.o(.text)
    .text                                    0x08000618   Section        0  dfixul.o(.text)
    .text                                    0x08000658   Section       40  cdrcmple.o(.text)
    .text                                    0x08000680   Section       48  init.o(.text)
    [Anonymous Symbol]                       0x080006b0   Section        0  main.o(.text.Error_Handler)
    [Anonymous Symbol]                       0x080006b8   Section        0  stm32f0xx_hal.o(.text.HAL_Delay)
    __arm_cp.10_0                            0x080006d8   Number         4  stm32f0xx_hal.o(.text.HAL_Delay)
    [Anonymous Symbol]                       0x080006dc   Section        0  stm32f0xx_hal_gpio.o(.text.HAL_GPIO_Init)
    __arm_cp.0_0                             0x08000860   Number         4  stm32f0xx_hal_gpio.o(.text.HAL_GPIO_Init)
    __arm_cp.0_1                             0x08000864   Number         4  stm32f0xx_hal_gpio.o(.text.HAL_GPIO_Init)
    __arm_cp.0_2                             0x08000868   Number         4  stm32f0xx_hal_gpio.o(.text.HAL_GPIO_Init)
    __arm_cp.0_3                             0x0800086c   Number         4  stm32f0xx_hal_gpio.o(.text.HAL_GPIO_Init)
    __arm_cp.0_4                             0x08000870   Number         4  stm32f0xx_hal_gpio.o(.text.HAL_GPIO_Init)
    __arm_cp.0_5                             0x08000874   Number         4  stm32f0xx_hal_gpio.o(.text.HAL_GPIO_Init)
    [Anonymous Symbol]                       0x08000878   Section        0  stm32f0xx_hal_gpio.o(.text.HAL_GPIO_WritePin)
    [Anonymous Symbol]                       0x08000888   Section        0  stm32f0xx_hal.o(.text.HAL_GetTick)
    __arm_cp.6_0                             0x08000890   Number         4  stm32f0xx_hal.o(.text.HAL_GetTick)
    [Anonymous Symbol]                       0x08000894   Section        0  stm32f0xx_hal_i2c_ex.o(.text.HAL_I2CEx_ConfigAnalogFilter)
    [Anonymous Symbol]                       0x080008d6   Section        0  stm32f0xx_hal_i2c_ex.o(.text.HAL_I2CEx_ConfigDigitalFilter)
    [Anonymous Symbol]                       0x08000918   Section        0  stm32f0xx_hal_i2c.o(.text.HAL_I2C_Init)
    __arm_cp.0_0                             0x080009bc   Number         4  stm32f0xx_hal_i2c.o(.text.HAL_I2C_Init)
    __arm_cp.0_1                             0x080009c0   Number         4  stm32f0xx_hal_i2c.o(.text.HAL_I2C_Init)
    [Anonymous Symbol]                       0x080009c4   Section        0  stm32f0xx_hal_i2c.o(.text.HAL_I2C_Mem_Read)
    __arm_cp.33_1                            0x08000b78   Number         4  stm32f0xx_hal_i2c.o(.text.HAL_I2C_Mem_Read)
    [Anonymous Symbol]                       0x08000b7c   Section        0  stm32f0xx_hal_i2c.o(.text.HAL_I2C_Mem_Write)
    __arm_cp.32_0                            0x08000d18   Number         4  stm32f0xx_hal_i2c.o(.text.HAL_I2C_Mem_Write)
    __arm_cp.32_1                            0x08000d1c   Number         4  stm32f0xx_hal_i2c.o(.text.HAL_I2C_Mem_Write)
    [Anonymous Symbol]                       0x08000d20   Section        0  i2c.o(.text.HAL_I2C_MspInit)
    __arm_cp.1_0                             0x08000d74   Number         4  i2c.o(.text.HAL_I2C_MspInit)
    __arm_cp.1_1                             0x08000d78   Number         4  i2c.o(.text.HAL_I2C_MspInit)
    [Anonymous Symbol]                       0x08000d7c   Section        0  stm32f0xx_hal.o(.text.HAL_IncTick)
    __arm_cp.5_1                             0x08000d8c   Number         4  stm32f0xx_hal.o(.text.HAL_IncTick)
    [Anonymous Symbol]                       0x08000d90   Section        0  stm32f0xx_hal.o(.text.HAL_Init)
    [Anonymous Symbol]                       0x08000dac   Section        0  stm32f0xx_hal.o(.text.HAL_InitTick)
    __arm_cp.1_0                             0x08000de8   Number         4  stm32f0xx_hal.o(.text.HAL_InitTick)
    [Anonymous Symbol]                       0x08000dec   Section        0  stm32f0xx_hal_msp.o(.text.HAL_MspInit)
    __arm_cp.0_0                             0x08000e14   Number         4  stm32f0xx_hal_msp.o(.text.HAL_MspInit)
    [Anonymous Symbol]                       0x08000e18   Section        0  stm32f0xx_hal_cortex.o(.text.HAL_NVIC_SetPriority)
    [Anonymous Symbol]                       0x08000e20   Section        0  stm32f0xx_hal_rcc_ex.o(.text.HAL_RCCEx_PeriphCLKConfig)
    __arm_cp.0_0                             0x08000f0c   Number         4  stm32f0xx_hal_rcc_ex.o(.text.HAL_RCCEx_PeriphCLKConfig)
    __arm_cp.0_1                             0x08000f10   Number         4  stm32f0xx_hal_rcc_ex.o(.text.HAL_RCCEx_PeriphCLKConfig)
    __arm_cp.0_2                             0x08000f14   Number         4  stm32f0xx_hal_rcc_ex.o(.text.HAL_RCCEx_PeriphCLKConfig)
    [Anonymous Symbol]                       0x08000f18   Section        0  stm32f0xx_hal_rcc.o(.text.HAL_RCC_ClockConfig)
    __arm_cp.2_0                             0x08001010   Number         4  stm32f0xx_hal_rcc.o(.text.HAL_RCC_ClockConfig)
    __arm_cp.2_2                             0x08001014   Number         4  stm32f0xx_hal_rcc.o(.text.HAL_RCC_ClockConfig)
    __arm_cp.2_3                             0x08001018   Number         4  stm32f0xx_hal_rcc.o(.text.HAL_RCC_ClockConfig)
    [Anonymous Symbol]                       0x0800101c   Section        0  stm32f0xx_hal_rcc.o(.text.HAL_RCC_GetPCLK1Freq)
    __arm_cp.8_0                             0x08001030   Number         4  stm32f0xx_hal_rcc.o(.text.HAL_RCC_GetPCLK1Freq)
    __arm_cp.8_2                             0x08001034   Number         4  stm32f0xx_hal_rcc.o(.text.HAL_RCC_GetPCLK1Freq)
    [Anonymous Symbol]                       0x08001038   Section        0  stm32f0xx_hal_rcc.o(.text.HAL_RCC_GetSysClockFreq)
    __arm_cp.3_0                             0x08001070   Number         4  stm32f0xx_hal_rcc.o(.text.HAL_RCC_GetSysClockFreq)
    __arm_cp.3_1                             0x08001074   Number         4  stm32f0xx_hal_rcc.o(.text.HAL_RCC_GetSysClockFreq)
    HAL_RCC_GetSysClockFreq.aPLLMULFactorTable 0x08001078   Number         0  stm32f0xx_hal_rcc.o(.text.HAL_RCC_GetSysClockFreq)
    HAL_RCC_GetSysClockFreq.aPredivFactorTable 0x08001088   Number         0  stm32f0xx_hal_rcc.o(.text.HAL_RCC_GetSysClockFreq)
    __arm_cp.3_4                             0x08001098   Number         4  stm32f0xx_hal_rcc.o(.text.HAL_RCC_GetSysClockFreq)
    [Anonymous Symbol]                       0x0800109c   Section        0  stm32f0xx_hal_rcc.o(.text.HAL_RCC_OscConfig)
    __arm_cp.1_0                             0x0800146c   Number         4  stm32f0xx_hal_rcc.o(.text.HAL_RCC_OscConfig)
    __arm_cp.1_1                             0x08001470   Number         4  stm32f0xx_hal_rcc.o(.text.HAL_RCC_OscConfig)
    __arm_cp.1_2                             0x08001474   Number         4  stm32f0xx_hal_rcc.o(.text.HAL_RCC_OscConfig)
    [Anonymous Symbol]                       0x08001478   Section        0  stm32f0xx_hal_cortex.o(.text.HAL_SYSTICK_Config)
    __arm_cp.6_0                             0x080014a0   Number         4  stm32f0xx_hal_cortex.o(.text.HAL_SYSTICK_Config)
    __arm_cp.6_1                             0x080014a4   Number         4  stm32f0xx_hal_cortex.o(.text.HAL_SYSTICK_Config)
    __arm_cp.6_2                             0x080014a8   Number         4  stm32f0xx_hal_cortex.o(.text.HAL_SYSTICK_Config)
    [Anonymous Symbol]                       0x080014ac   Section        0  stm32f0xx_hal_uart.o(.text.HAL_UART_Init)
    [Anonymous Symbol]                       0x08001514   Section        0  usart.o(.text.HAL_UART_MspInit)
    [Anonymous Symbol]                       0x08001564   Section        0  stm32f0xx_it.o(.text.HardFault_Handler)
    I2C_Flush_TXDR                           0x08001567   Thumb Code    28  stm32f0xx_hal_i2c.o(.text.I2C_Flush_TXDR)
    [Anonymous Symbol]                       0x08001566   Section        0  stm32f0xx_hal_i2c.o(.text.I2C_Flush_TXDR)
    I2C_IsErrorOccurred                      0x08001585   Thumb Code   236  stm32f0xx_hal_i2c.o(.text.I2C_IsErrorOccurred)
    [Anonymous Symbol]                       0x08001584   Section        0  stm32f0xx_hal_i2c.o(.text.I2C_IsErrorOccurred)
    __arm_cp.77_0                            0x08001670   Number         4  stm32f0xx_hal_i2c.o(.text.I2C_IsErrorOccurred)
    I2C_TransferConfig                       0x08001675   Thumb Code    44  stm32f0xx_hal_i2c.o(.text.I2C_TransferConfig)
    [Anonymous Symbol]                       0x08001674   Section        0  stm32f0xx_hal_i2c.o(.text.I2C_TransferConfig)
    __arm_cp.6_0                             0x080016a0   Number         4  stm32f0xx_hal_i2c.o(.text.I2C_TransferConfig)
    __arm_cp.6_1                             0x080016a4   Number         4  stm32f0xx_hal_i2c.o(.text.I2C_TransferConfig)
    I2C_WaitOnFlagUntilTimeout               0x080016a9   Thumb Code   116  stm32f0xx_hal_i2c.o(.text.I2C_WaitOnFlagUntilTimeout)
    [Anonymous Symbol]                       0x080016a8   Section        0  stm32f0xx_hal_i2c.o(.text.I2C_WaitOnFlagUntilTimeout)
    I2C_WaitOnSTOPFlagUntilTimeout           0x0800171d   Thumb Code    84  stm32f0xx_hal_i2c.o(.text.I2C_WaitOnSTOPFlagUntilTimeout)
    [Anonymous Symbol]                       0x0800171c   Section        0  stm32f0xx_hal_i2c.o(.text.I2C_WaitOnSTOPFlagUntilTimeout)
    I2C_WaitOnTXISFlagUntilTimeout           0x08001771   Thumb Code    88  stm32f0xx_hal_i2c.o(.text.I2C_WaitOnTXISFlagUntilTimeout)
    [Anonymous Symbol]                       0x08001770   Section        0  stm32f0xx_hal_i2c.o(.text.I2C_WaitOnTXISFlagUntilTimeout)
    [Anonymous Symbol]                       0x080017c8   Section        0  gpio.o(.text.MX_GPIO_Init)
    __arm_cp.0_0                             0x08001818   Number         4  gpio.o(.text.MX_GPIO_Init)
    [Anonymous Symbol]                       0x0800181c   Section        0  i2c.o(.text.MX_I2C1_Init)
    __arm_cp.0_0                             0x0800186c   Number         4  i2c.o(.text.MX_I2C1_Init)
    __arm_cp.0_1                             0x08001870   Number         4  i2c.o(.text.MX_I2C1_Init)
    __arm_cp.0_2                             0x08001874   Number         4  i2c.o(.text.MX_I2C1_Init)
    [Anonymous Symbol]                       0x08001878   Section        0  usart.o(.text.MX_USART1_UART_Init)
    __arm_cp.0_0                             0x080018a8   Number         4  usart.o(.text.MX_USART1_UART_Init)
    __arm_cp.0_1                             0x080018ac   Number         4  usart.o(.text.MX_USART1_UART_Init)
    [Anonymous Symbol]                       0x080018b0   Section        0  stm32f0xx_it.o(.text.NMI_Handler)
    [Anonymous Symbol]                       0x080018b2   Section        0  stm32f0xx_it.o(.text.PendSV_Handler)
    [Anonymous Symbol]                       0x080018b4   Section        0  stm32f0xx_it.o(.text.SVC_Handler)
    [Anonymous Symbol]                       0x080018b6   Section        0  stm32f0xx_it.o(.text.SysTick_Handler)
    [Anonymous Symbol]                       0x080018be   Section        0  main.o(.text.SystemClock_Config)
    [Anonymous Symbol]                       0x08001936   Section        0  system_stm32f0xx.o(.text.SystemInit)
    [Anonymous Symbol]                       0x08001938   Section        0  stm32f0xx_hal_uart.o(.text.UART_AdvFeatureConfig)
    [Anonymous Symbol]                       0x080019f0   Section        0  stm32f0xx_hal_uart.o(.text.UART_CheckIdleState)
    __arm_cp.4_0                             0x08001aa4   Number         4  stm32f0xx_hal_uart.o(.text.UART_CheckIdleState)
    UART_EndRxTransfer                       0x08001aa9   Thumb Code    90  stm32f0xx_hal_uart.o(.text.UART_EndRxTransfer)
    [Anonymous Symbol]                       0x08001aa8   Section        0  stm32f0xx_hal_uart.o(.text.UART_EndRxTransfer)
    [Anonymous Symbol]                       0x08001b04   Section        0  stm32f0xx_hal_uart.o(.text.UART_SetConfig)
    __arm_cp.3_0                             0x08001bec   Number         4  stm32f0xx_hal_uart.o(.text.UART_SetConfig)
    __arm_cp.3_1                             0x08001bf0   Number         4  stm32f0xx_hal_uart.o(.text.UART_SetConfig)
    __arm_cp.3_3                             0x08001c04   Number         4  stm32f0xx_hal_uart.o(.text.UART_SetConfig)
    __arm_cp.3_4                             0x08001c08   Number         4  stm32f0xx_hal_uart.o(.text.UART_SetConfig)
    [Anonymous Symbol]                       0x08001c0c   Section        0  stm32f0xx_hal_uart.o(.text.UART_WaitOnFlagUntilTimeout)
    __NVIC_SetPriority                       0x08001c89   Thumb Code    48  stm32f0xx_hal_cortex.o(.text.__NVIC_SetPriority)
    [Anonymous Symbol]                       0x08001c88   Section        0  stm32f0xx_hal_cortex.o(.text.__NVIC_SetPriority)
    __arm_cp.1_0                             0x08001cb8   Number         4  stm32f0xx_hal_cortex.o(.text.__NVIC_SetPriority)
    __arm_cp.1_1                             0x08001cbc   Number         4  stm32f0xx_hal_cortex.o(.text.__NVIC_SetPriority)
    [Anonymous Symbol]                       0x08001cc0   Section        0  bmp280.o(.text.bmp280_Init)
    [Anonymous Symbol]                       0x08001cd8   Section        0  bmp280.o(.text.bmp280_ReadMuilt)
    [Anonymous Symbol]                       0x08001cf4   Section        0  bmp280.o(.text.bmp280_Reset)
    [Anonymous Symbol]                       0x08001d00   Section        0  bmp280.o(.text.bmp280_WriteCommand)
    __arm_cp.1_0                             0x08001d20   Number         4  bmp280.o(.text.bmp280_WriteCommand)
    [Anonymous Symbol]                       0x08001d24   Section        0  main.o(.text.main)
    [Anonymous Symbol]                       0x08001d40   Section        0  thermometer.o(.text.run_thermometer)
    __arm_cp.2_0                             0x08001fc0   Number         4  thermometer.o(.text.run_thermometer)
    __arm_cp.2_1                             0x08001fc4   Number         4  thermometer.o(.text.run_thermometer)
    __arm_cp.2_2                             0x08001fc8   Number         4  thermometer.o(.text.run_thermometer)
    __arm_cp.2_3                             0x08001fcc   Number         4  thermometer.o(.text.run_thermometer)
    __arm_cp.2_4                             0x08001fd0   Number         4  thermometer.o(.text.run_thermometer)
    __arm_cp.2_5                             0x08001fd4   Number         4  thermometer.o(.text.run_thermometer)
    __arm_cp.2_6                             0x08001fd8   Number         4  thermometer.o(.text.run_thermometer)
    __arm_cp.2_7                             0x08001fdc   Number         4  thermometer.o(.text.run_thermometer)
    __arm_cp.2_9                             0x08001fec   Number         4  thermometer.o(.text.run_thermometer)
    __arm_cp.2_10                            0x08001ff0   Number         4  thermometer.o(.text.run_thermometer)
    __arm_cp.2_11                            0x08001ff4   Number         4  thermometer.o(.text.run_thermometer)
    __arm_cp.2_12                            0x08001ff8   Number         4  thermometer.o(.text.run_thermometer)
    __arm_cp.2_13                            0x08001ffc   Number         4  thermometer.o(.text.run_thermometer)
    __arm_cp.2_14                            0x08002000   Number         4  thermometer.o(.text.run_thermometer)
    __arm_cp.2_15                            0x08002004   Number         4  thermometer.o(.text.run_thermometer)
    __arm_cp.2_16                            0x08002008   Number         4  thermometer.o(.text.run_thermometer)
    __arm_cp.2_17                            0x0800200c   Number         4  thermometer.o(.text.run_thermometer)
    __arm_cp.2_18                            0x08002010   Number         4  thermometer.o(.text.run_thermometer)
    __arm_cp.2_19                            0x08002014   Number         4  thermometer.o(.text.run_thermometer)
    __arm_cp.2_20                            0x08002018   Number         4  thermometer.o(.text.run_thermometer)
    __arm_cp.2_21                            0x0800201c   Number         4  thermometer.o(.text.run_thermometer)
    __arm_cp.2_22                            0x08002020   Number         4  thermometer.o(.text.run_thermometer)
    __arm_cp.2_23                            0x08002024   Number         4  thermometer.o(.text.run_thermometer)
    __arm_cp.2_24                            0x08002028   Number         4  thermometer.o(.text.run_thermometer)
    __arm_cp.2_25                            0x0800202c   Number         4  thermometer.o(.text.run_thermometer)
    [Anonymous Symbol]                       0x0800203c   Section        0  ssd1306.o(.text.ssd1306_DrawPixel)
    [Anonymous Symbol]                       0x08002070   Section        0  ssd1306.o(.text.ssd1306_Init)
    [Anonymous Symbol]                       0x08002108   Section        0  ssd1306.o(.text.ssd1306_SetContrast)
    [Anonymous Symbol]                       0x0800211c   Section        0  ssd1306.o(.text.ssd1306_SetCursor)
    [Anonymous Symbol]                       0x08002124   Section        0  ssd1306.o(.text.ssd1306_SetDisplayOn)
    __arm_cp.5_0                             0x08002140   Number         4  ssd1306.o(.text.ssd1306_SetDisplayOn)
    [Anonymous Symbol]                       0x08002144   Section        0  ssd1306.o(.text.ssd1306_UpdateScreen)
    __arm_cp.8_0                             0x08002170   Number         4  ssd1306.o(.text.ssd1306_UpdateScreen)
    __arm_cp.8_1                             0x08002174   Number         4  ssd1306.o(.text.ssd1306_UpdateScreen)
    [Anonymous Symbol]                       0x08002178   Section        0  ssd1306.o(.text.ssd1306_WriteChar)
    __arm_cp.10_0                            0x08002214   Number         4  ssd1306.o(.text.ssd1306_WriteChar)
    [Anonymous Symbol]                       0x08002218   Section        0  ssd1306.o(.text.ssd1306_WriteCommand)
    [Anonymous Symbol]                       0x08002234   Section        0  ssd1306.o(.text.ssd1306_WriteData)
    __arm_cp.2_0                             0x08002250   Number         4  ssd1306.o(.text.ssd1306_WriteData)
    [Anonymous Symbol]                       0x08002254   Section        0  ssd1306.o(.text.ssd1306_WriteString)
    i.__0sprintf                             0x08002284   Section        0  printfa.o(i.__0sprintf)
    i.__ARM_clz                              0x080022ac   Section        0  depilogue.o(i.__ARM_clz)
    i.__scatterload_copy                     0x080022da   Section       14  handlers.o(i.__scatterload_copy)
    i.__scatterload_null                     0x080022e8   Section        2  handlers.o(i.__scatterload_null)
    i.__scatterload_zeroinit                 0x080022ea   Section       14  handlers.o(i.__scatterload_zeroinit)
    _fp_digits                               0x080022f9   Thumb Code   344  printfa.o(i._fp_digits)
    i._fp_digits                             0x080022f8   Section        0  printfa.o(i._fp_digits)
    _printf_core                             0x0800246d   Thumb Code  1754  printfa.o(i._printf_core)
    i._printf_core                           0x0800246c   Section        0  printfa.o(i._printf_core)
    _printf_post_padding                     0x08002b59   Thumb Code    32  printfa.o(i._printf_post_padding)
    i._printf_post_padding                   0x08002b58   Section        0  printfa.o(i._printf_post_padding)
    _printf_pre_padding                      0x08002b79   Thumb Code    44  printfa.o(i._printf_pre_padding)
    i._printf_pre_padding                    0x08002b78   Section        0  printfa.o(i._printf_pre_padding)
    _sputc                                   0x08002ba5   Thumb Code    10  printfa.o(i._sputc)
    i._sputc                                 0x08002ba4   Section        0  printfa.o(i._sputc)
    Font7x10                                 0x08002bc6   Data        1900  ssd1306_fonts.o(.rodata.Font7x10)
    [Anonymous Symbol]                       0x08002bc6   Section        0  ssd1306_fonts.o(.rodata.Font7x10)
    [Anonymous Symbol]                       0x20000000   Section        0  stm32f0xx_hal.o(.data..L_MergedGlobals)
    SSD1306.0                                0x20000010   Data           2  ssd1306.o(.bss..L_MergedGlobals)
    [Anonymous Symbol]                       0x20000010   Section        0  ssd1306.o(.bss..L_MergedGlobals)
    SSD1306.1                                0x20000012   Data           2  ssd1306.o(.bss..L_MergedGlobals)
    SSD1306.3                                0x20000014   Data           1  ssd1306.o(.bss.SSD1306.3)
    [Anonymous Symbol]                       0x20000014   Section        0  ssd1306.o(.bss.SSD1306.3)
    SSD1306_Buffer                           0x20000018   Data         512  ssd1306.o(.bss.SSD1306_Buffer)
    [Anonymous Symbol]                       0x20000018   Section        0  ssd1306.o(.bss.SSD1306_Buffer)
    STACK                                    0x200002f8   Section     1024  startup_stm32f030x6.o(STACK)

    Global Symbols

    Symbol Name                              Value     Ov Type        Size  Object(Section)

    BuildAttributes$$THM_ISAv3M$S$PE$A:L22$X:L11$S22$IEEE1$IW$~IW$USESV6$~STKCKD$USESV7$~SHL$OTIME$ROPI$IEEEX$EBA8$MICROLIB$REQ8$PRES8$EABIv2 0x00000000   Number         0  anon$$obj.o ABSOLUTE
    _printf_a                                0x00000000   Number         0  printfstubs.o ABSOLUTE
    _printf_c                                0x00000000   Number         0  printfstubs.o ABSOLUTE
    _printf_charcount                        0x00000000   Number         0  printfstubs.o ABSOLUTE
    _printf_d                                0x00000000   Number         0  printfstubs.o ABSOLUTE
    _printf_e                                0x00000000   Number         0  printfstubs.o ABSOLUTE
    _printf_f                                0x00000000   Number         0  printfstubs.o ABSOLUTE
    _printf_flags                            0x00000000   Number         0  printfstubs.o ABSOLUTE
    _printf_fp_dec                           0x00000000   Number         0  printfstubs.o ABSOLUTE
    _printf_fp_hex                           0x00000000   Number         0  printfstubs.o ABSOLUTE
    _printf_g                                0x00000000   Number         0  printfstubs.o ABSOLUTE
    _printf_i                                0x00000000   Number         0  printfstubs.o ABSOLUTE
    _printf_int_dec                          0x00000000   Number         0  printfstubs.o ABSOLUTE
    _printf_l                                0x00000000   Number         0  printfstubs.o ABSOLUTE
    _printf_lc                               0x00000000   Number         0  printfstubs.o ABSOLUTE
    _printf_ll                               0x00000000   Number         0  printfstubs.o ABSOLUTE
    _printf_lld                              0x00000000   Number         0  printfstubs.o ABSOLUTE
    _printf_lli                              0x00000000   Number         0  printfstubs.o ABSOLUTE
    _printf_llo                              0x00000000   Number         0  printfstubs.o ABSOLUTE
    _printf_llu                              0x00000000   Number         0  printfstubs.o ABSOLUTE
    _printf_llx                              0x00000000   Number         0  printfstubs.o ABSOLUTE
    _printf_longlong_dec                     0x00000000   Number         0  printfstubs.o ABSOLUTE
    _printf_longlong_hex                     0x00000000   Number         0  printfstubs.o ABSOLUTE
    _printf_longlong_oct                     0x00000000   Number         0  printfstubs.o ABSOLUTE
    _printf_ls                               0x00000000   Number         0  printfstubs.o ABSOLUTE
    _printf_mbtowc                           0x00000000   Number         0  printfstubs.o ABSOLUTE
    _printf_n                                0x00000000   Number         0  printfstubs.o ABSOLUTE
    _printf_o                                0x00000000   Number         0  printfstubs.o ABSOLUTE
    _printf_p                                0x00000000   Number         0  printfstubs.o ABSOLUTE
    _printf_percent                          0x00000000   Number         0  printfstubs.o ABSOLUTE
    _printf_pre_padding                      0x00000000   Number         0  printfstubs.o ABSOLUTE
    _printf_return_value                     0x00000000   Number         0  printfstubs.o ABSOLUTE
    _printf_s                                0x00000000   Number         0  printfstubs.o ABSOLUTE
    _printf_sizespec                         0x00000000   Number         0  printfstubs.o ABSOLUTE
    _printf_str                              0x00000000   Number         0  printfstubs.o ABSOLUTE
    _printf_truncate_signed                  0x00000000   Number         0  printfstubs.o ABSOLUTE
    _printf_truncate_unsigned                0x00000000   Number         0  printfstubs.o ABSOLUTE
    _printf_u                                0x00000000   Number         0  printfstubs.o ABSOLUTE
    _printf_wc                               0x00000000   Number         0  printfstubs.o ABSOLUTE
    _printf_wctomb                           0x00000000   Number         0  printfstubs.o ABSOLUTE
    _printf_widthprec                        0x00000000   Number         0  printfstubs.o ABSOLUTE
    _printf_x                                0x00000000   Number         0  printfstubs.o ABSOLUTE
    __cpp_initialize__aeabi_                  - Undefined Weak Reference
    __cxa_finalize                            - Undefined Weak Reference
    __decompress                              - Undefined Weak Reference
    _clock_init                               - Undefined Weak Reference
    _microlib_exit                            - Undefined Weak Reference
    __Vectors_Size                           0x000000b0   Number         0  startup_stm32f030x6.o ABSOLUTE
    __Vectors                                0x08000000   Data           4  startup_stm32f030x6.o(RESET)
    __Vectors_End                            0x080000b0   Data           0  startup_stm32f030x6.o(RESET)
    __main                                   0x080000b1   Thumb Code     0  entry.o(.ARM.Collect$$$$00000000)
    _main_stk                                0x080000b1   Thumb Code     0  entry2.o(.ARM.Collect$$$$00000001)
    _main_scatterload                        0x080000b5   Thumb Code     0  entry5.o(.ARM.Collect$$$$00000004)
    __main_after_scatterload                 0x080000b9   Thumb Code     0  entry5.o(.ARM.Collect$$$$00000004)
    _main_clock                              0x080000b9   Thumb Code     0  entry7b.o(.ARM.Collect$$$$00000008)
    _main_cpp_init                           0x080000b9   Thumb Code     0  entry8b.o(.ARM.Collect$$$$0000000A)
    _main_init                               0x080000b9   Thumb Code     0  entry9a.o(.ARM.Collect$$$$0000000B)
    __rt_final_cpp                           0x080000c1   Thumb Code     0  entry10a.o(.ARM.Collect$$$$0000000D)
    __rt_final_exit                          0x080000c1   Thumb Code     0  entry11a.o(.ARM.Collect$$$$0000000F)
    Reset_Handler                            0x080000c5   Thumb Code     8  startup_stm32f030x6.o(.text)
    ADC1_IRQHandler                          0x080000d7   Thumb Code     0  startup_stm32f030x6.o(.text)
    DMA1_Channel1_IRQHandler                 0x080000d7   Thumb Code     0  startup_stm32f030x6.o(.text)
    DMA1_Channel2_3_IRQHandler               0x080000d7   Thumb Code     0  startup_stm32f030x6.o(.text)
    DMA1_Channel4_5_IRQHandler               0x080000d7   Thumb Code     0  startup_stm32f030x6.o(.text)
    EXTI0_1_IRQHandler                       0x080000d7   Thumb Code     0  startup_stm32f030x6.o(.text)
    EXTI2_3_IRQHandler                       0x080000d7   Thumb Code     0  startup_stm32f030x6.o(.text)
    EXTI4_15_IRQHandler                      0x080000d7   Thumb Code     0  startup_stm32f030x6.o(.text)
    FLASH_IRQHandler                         0x080000d7   Thumb Code     0  startup_stm32f030x6.o(.text)
    I2C1_IRQHandler                          0x080000d7   Thumb Code     0  startup_stm32f030x6.o(.text)
    RCC_IRQHandler                           0x080000d7   Thumb Code     0  startup_stm32f030x6.o(.text)
    RTC_IRQHandler                           0x080000d7   Thumb Code     0  startup_stm32f030x6.o(.text)
    SPI1_IRQHandler                          0x080000d7   Thumb Code     0  startup_stm32f030x6.o(.text)
    TIM14_IRQHandler                         0x080000d7   Thumb Code     0  startup_stm32f030x6.o(.text)
    TIM16_IRQHandler                         0x080000d7   Thumb Code     0  startup_stm32f030x6.o(.text)
    TIM17_IRQHandler                         0x080000d7   Thumb Code     0  startup_stm32f030x6.o(.text)
    TIM1_BRK_UP_TRG_COM_IRQHandler           0x080000d7   Thumb Code     0  startup_stm32f030x6.o(.text)
    TIM1_CC_IRQHandler                       0x080000d7   Thumb Code     0  startup_stm32f030x6.o(.text)
    TIM3_IRQHandler                          0x080000d7   Thumb Code     0  startup_stm32f030x6.o(.text)
    USART1_IRQHandler                        0x080000d7   Thumb Code     0  startup_stm32f030x6.o(.text)
    WWDG_IRQHandler                          0x080000d7   Thumb Code     0  startup_stm32f030x6.o(.text)
    __aeabi_llsr                             0x080000e1   Thumb Code    34  llushr.o(.text)
    _ll_ushift_r                             0x080000e1   Thumb Code     0  llushr.o(.text)
    __aeabi_memset                           0x08000103   Thumb Code    14  memseta.o(.text)
    __aeabi_memset4                          0x08000103   Thumb Code     0  memseta.o(.text)
    __aeabi_memset8                          0x08000103   Thumb Code     0  memseta.o(.text)
    __aeabi_memclr                           0x08000111   Thumb Code     4  memseta.o(.text)
    __aeabi_memclr4                          0x08000111   Thumb Code     0  memseta.o(.text)
    __aeabi_memclr8                          0x08000111   Thumb Code     0  memseta.o(.text)
    _memset$wrapper                          0x08000115   Thumb Code    18  memseta.o(.text)
    __aeabi_dadd                             0x08000129   Thumb Code   328  dadd.o(.text)
    __aeabi_dsub                             0x08000271   Thumb Code    12  dadd.o(.text)
    __aeabi_drsub                            0x0800027d   Thumb Code    12  dadd.o(.text)
    __aeabi_dmul                             0x0800028d   Thumb Code   202  dmul.o(.text)
    __aeabi_ddiv                             0x0800035d   Thumb Code   234  ddiv.o(.text)
    __aeabi_i2d                              0x0800044d   Thumb Code    34  dflti.o(.text)
    __aeabi_uidiv                            0x08000475   Thumb Code     0  uidiv_div0.o(.text)
    __aeabi_uidivmod                         0x08000475   Thumb Code    62  uidiv_div0.o(.text)
    __aeabi_uldivmod                         0x080004b3   Thumb Code    96  uldiv.o(.text)
    __aeabi_llsl                             0x08000513   Thumb Code    32  llshl.o(.text)
    _ll_shift_l                              0x08000513   Thumb Code     0  llshl.o(.text)
    __aeabi_lasr                             0x08000533   Thumb Code    38  llsshr.o(.text)
    _ll_sshift_r                             0x08000533   Thumb Code     0  llsshr.o(.text)
    __I$use$fp                               0x08000559   Thumb Code     0  iusefp.o(.text)
    _double_round                            0x08000559   Thumb Code    26  depilogue.o(.text)
    _double_epilogue                         0x08000573   Thumb Code   164  depilogue.o(.text)
    __aeabi_d2ulz                            0x08000619   Thumb Code    54  dfixul.o(.text)
    __aeabi_cdrcmple                         0x08000659   Thumb Code    38  cdrcmple.o(.text)
    __scatterload                            0x08000681   Thumb Code    38  init.o(.text)
    __scatterload_rt2                        0x08000681   Thumb Code     0  init.o(.text)
    Error_Handler                            0x080006b1   Thumb Code     8  main.o(.text.Error_Handler)
    HAL_Delay                                0x080006b9   Thumb Code    32  stm32f0xx_hal.o(.text.HAL_Delay)
    HAL_GPIO_Init                            0x080006dd   Thumb Code   388  stm32f0xx_hal_gpio.o(.text.HAL_GPIO_Init)
    HAL_GPIO_WritePin                        0x08000879   Thumb Code    14  stm32f0xx_hal_gpio.o(.text.HAL_GPIO_WritePin)
    HAL_GetTick                              0x08000889   Thumb Code     8  stm32f0xx_hal.o(.text.HAL_GetTick)
    HAL_I2CEx_ConfigAnalogFilter             0x08000895   Thumb Code    66  stm32f0xx_hal_i2c_ex.o(.text.HAL_I2CEx_ConfigAnalogFilter)
    HAL_I2CEx_ConfigDigitalFilter            0x080008d7   Thumb Code    66  stm32f0xx_hal_i2c_ex.o(.text.HAL_I2CEx_ConfigDigitalFilter)
    HAL_I2C_Init                             0x08000919   Thumb Code   164  stm32f0xx_hal_i2c.o(.text.HAL_I2C_Init)
    HAL_I2C_Mem_Read                         0x080009c5   Thumb Code   436  stm32f0xx_hal_i2c.o(.text.HAL_I2C_Mem_Read)
    HAL_I2C_Mem_Write                        0x08000b7d   Thumb Code   412  stm32f0xx_hal_i2c.o(.text.HAL_I2C_Mem_Write)
    HAL_I2C_MspInit                          0x08000d21   Thumb Code    84  i2c.o(.text.HAL_I2C_MspInit)
    HAL_IncTick                              0x08000d7d   Thumb Code    16  stm32f0xx_hal.o(.text.HAL_IncTick)
    HAL_Init                                 0x08000d91   Thumb Code    28  stm32f0xx_hal.o(.text.HAL_Init)
    HAL_InitTick                             0x08000dad   Thumb Code    60  stm32f0xx_hal.o(.text.HAL_InitTick)
    HAL_MspInit                              0x08000ded   Thumb Code    40  stm32f0xx_hal_msp.o(.text.HAL_MspInit)
    HAL_NVIC_SetPriority                     0x08000e19   Thumb Code     8  stm32f0xx_hal_cortex.o(.text.HAL_NVIC_SetPriority)
    HAL_RCCEx_PeriphCLKConfig                0x08000e21   Thumb Code   236  stm32f0xx_hal_rcc_ex.o(.text.HAL_RCCEx_PeriphCLKConfig)
    HAL_RCC_ClockConfig                      0x08000f19   Thumb Code   248  stm32f0xx_hal_rcc.o(.text.HAL_RCC_ClockConfig)
    HAL_RCC_GetPCLK1Freq                     0x0800101d   Thumb Code    20  stm32f0xx_hal_rcc.o(.text.HAL_RCC_GetPCLK1Freq)
    HAL_RCC_GetSysClockFreq                  0x08001039   Thumb Code    56  stm32f0xx_hal_rcc.o(.text.HAL_RCC_GetSysClockFreq)
    HAL_RCC_OscConfig                        0x0800109d   Thumb Code   976  stm32f0xx_hal_rcc.o(.text.HAL_RCC_OscConfig)
    HAL_SYSTICK_Config                       0x08001479   Thumb Code    40  stm32f0xx_hal_cortex.o(.text.HAL_SYSTICK_Config)
    HAL_UART_Init                            0x080014ad   Thumb Code   104  stm32f0xx_hal_uart.o(.text.HAL_UART_Init)
    HAL_UART_MspInit                         0x08001515   Thumb Code    80  usart.o(.text.HAL_UART_MspInit)
    HardFault_Handler                        0x08001565   Thumb Code     2  stm32f0xx_it.o(.text.HardFault_Handler)
    MX_GPIO_Init                             0x080017c9   Thumb Code    80  gpio.o(.text.MX_GPIO_Init)
    MX_I2C1_Init                             0x0800181d   Thumb Code    80  i2c.o(.text.MX_I2C1_Init)
    MX_USART1_UART_Init                      0x08001879   Thumb Code    48  usart.o(.text.MX_USART1_UART_Init)
    NMI_Handler                              0x080018b1   Thumb Code     2  stm32f0xx_it.o(.text.NMI_Handler)
    PendSV_Handler                           0x080018b3   Thumb Code     2  stm32f0xx_it.o(.text.PendSV_Handler)
    SVC_Handler                              0x080018b5   Thumb Code     2  stm32f0xx_it.o(.text.SVC_Handler)
    SysTick_Handler                          0x080018b7   Thumb Code     8  stm32f0xx_it.o(.text.SysTick_Handler)
    SystemClock_Config                       0x080018bf   Thumb Code   120  main.o(.text.SystemClock_Config)
    SystemInit                               0x08001937   Thumb Code     2  system_stm32f0xx.o(.text.SystemInit)
    UART_AdvFeatureConfig                    0x08001939   Thumb Code   184  stm32f0xx_hal_uart.o(.text.UART_AdvFeatureConfig)
    UART_CheckIdleState                      0x080019f1   Thumb Code   180  stm32f0xx_hal_uart.o(.text.UART_CheckIdleState)
    UART_SetConfig                           0x08001b05   Thumb Code   232  stm32f0xx_hal_uart.o(.text.UART_SetConfig)
    UART_WaitOnFlagUntilTimeout              0x08001c0d   Thumb Code   124  stm32f0xx_hal_uart.o(.text.UART_WaitOnFlagUntilTimeout)
    bmp280_Init                              0x08001cc1   Thumb Code    24  bmp280.o(.text.bmp280_Init)
    bmp280_ReadMuilt                         0x08001cd9   Thumb Code    28  bmp280.o(.text.bmp280_ReadMuilt)
    bmp280_Reset                             0x08001cf5   Thumb Code    12  bmp280.o(.text.bmp280_Reset)
    bmp280_WriteCommand                      0x08001d01   Thumb Code    32  bmp280.o(.text.bmp280_WriteCommand)
    main                                     0x08001d25   Thumb Code    26  main.o(.text.main)
    run_thermometer                          0x08001d41   Thumb Code   640  thermometer.o(.text.run_thermometer)
    ssd1306_DrawPixel                        0x0800203d   Thumb Code    52  ssd1306.o(.text.ssd1306_DrawPixel)
    ssd1306_Init                             0x08002071   Thumb Code   152  ssd1306.o(.text.ssd1306_Init)
    ssd1306_SetContrast                      0x08002109   Thumb Code    18  ssd1306.o(.text.ssd1306_SetContrast)
    ssd1306_SetCursor                        0x0800211d   Thumb Code     8  ssd1306.o(.text.ssd1306_SetCursor)
    ssd1306_SetDisplayOn                     0x08002125   Thumb Code    28  ssd1306.o(.text.ssd1306_SetDisplayOn)
    ssd1306_UpdateScreen                     0x08002145   Thumb Code    44  ssd1306.o(.text.ssd1306_UpdateScreen)
    ssd1306_WriteChar                        0x08002179   Thumb Code   156  ssd1306.o(.text.ssd1306_WriteChar)
    ssd1306_WriteCommand                     0x08002219   Thumb Code    28  ssd1306.o(.text.ssd1306_WriteCommand)
    ssd1306_WriteData                        0x08002235   Thumb Code    28  ssd1306.o(.text.ssd1306_WriteData)
    ssd1306_WriteString                      0x08002255   Thumb Code    48  ssd1306.o(.text.ssd1306_WriteString)
    __0sprintf                               0x08002285   Thumb Code    36  printfa.o(i.__0sprintf)
    __1sprintf                               0x08002285   Thumb Code     0  printfa.o(i.__0sprintf)
    __2sprintf                               0x08002285   Thumb Code     0  printfa.o(i.__0sprintf)
    __c89sprintf                             0x08002285   Thumb Code     0  printfa.o(i.__0sprintf)
    sprintf                                  0x08002285   Thumb Code     0  printfa.o(i.__0sprintf)
    __ARM_clz                                0x080022ad   Thumb Code    46  depilogue.o(i.__ARM_clz)
    __scatterload_copy                       0x080022db   Thumb Code    14  handlers.o(i.__scatterload_copy)
    __scatterload_null                       0x080022e9   Thumb Code     2  handlers.o(i.__scatterload_null)
    __scatterload_zeroinit                   0x080022eb   Thumb Code    14  handlers.o(i.__scatterload_zeroinit)
    AHBPrescTable                            0x08002bae   Data          16  system_stm32f0xx.o(.rodata.AHBPrescTable)
    APBPrescTable                            0x08002bbe   Data           8  system_stm32f0xx.o(.rodata.APBPrescTable)
    Font_7x10                                0x08003334   Data          12  ssd1306_fonts.o(.rodata.Font_7x10)
    Region$$Table$$Base                      0x08003340   Number         0  anon$$obj.o(Region$$Table)
    Region$$Table$$Limit                     0x08003360   Number         0  anon$$obj.o(Region$$Table)
    uwTickFreq                               0x20000000   Data           1  stm32f0xx_hal.o(.data..L_MergedGlobals)
    uwTickPrio                               0x20000004   Data           4  stm32f0xx_hal.o(.data..L_MergedGlobals)
    SystemCoreClock                          0x20000008   Data           4  system_stm32f0xx.o(.data.SystemCoreClock)
    hi2c1                                    0x20000218   Data          84  i2c.o(.bss.hi2c1)
    huart1                                   0x2000026c   Data         136  usart.o(.bss.huart1)
    uwTick                                   0x200002f4   Data           4  stm32f0xx_hal.o(.bss.uwTick)
    __initial_sp                             0x200006f8   Data           0  startup_stm32f030x6.o(STACK)



==============================================================================

Memory Map of the image

  Image Entry point : 0x080000b1

  Load Region LR_IROM1 (Base: 0x08000000, Size: 0x00003370, Max: 0x00004000, ABSOLUTE)

    Execution Region ER_IROM1 (Exec base: 0x08000000, Load base: 0x08000000, Size: 0x00003360, Max: 0x00004000, ABSOLUTE)

    Exec Addr    Load Addr    Size         Type   Attr      Idx    E Section Name        Object

    0x08000000   0x08000000   0x000000b0   Data   RO            3    RESET               startup_stm32f030x6.o
    0x080000b0   0x080000b0   0x00000000   Code   RO          911  * .ARM.Collect$$$$00000000  mc_p.l(entry.o)
    0x080000b0   0x080000b0   0x00000004   Code   RO         1224    .ARM.Collect$$$$00000001  mc_p.l(entry2.o)
    0x080000b4   0x080000b4   0x00000004   Code   RO         1227    .ARM.Collect$$$$00000004  mc_p.l(entry5.o)
    0x080000b8   0x080000b8   0x00000000   Code   RO         1229    .ARM.Collect$$$$00000008  mc_p.l(entry7b.o)
    0x080000b8   0x080000b8   0x00000000   Code   RO         1231    .ARM.Collect$$$$0000000A  mc_p.l(entry8b.o)
    0x080000b8   0x080000b8   0x00000008   Code   RO         1232    .ARM.Collect$$$$0000000B  mc_p.l(entry9a.o)
    0x080000c0   0x080000c0   0x00000000   Code   RO         1234    .ARM.Collect$$$$0000000D  mc_p.l(entry10a.o)
    0x080000c0   0x080000c0   0x00000000   Code   RO         1236    .ARM.Collect$$$$0000000F  mc_p.l(entry11a.o)
    0x080000c0   0x080000c0   0x00000004   Code   RO         1225    .ARM.Collect$$$$00002712  mc_p.l(entry2.o)
    0x080000c4   0x080000c4   0x0000001c   Code   RO            4    .text               startup_stm32f030x6.o
    0x080000e0   0x080000e0   0x00000022   Code   RO          918    .text               mc_p.l(llushr.o)
    0x08000102   0x08000102   0x00000024   Code   RO          922    .text               mc_p.l(memseta.o)
    0x08000126   0x08000126   0x00000002   PAD
    0x08000128   0x08000128   0x00000164   Code   RO         1191    .text               mf_p.l(dadd.o)
    0x0800028c   0x0800028c   0x000000d0   Code   RO         1193    .text               mf_p.l(dmul.o)
    0x0800035c   0x0800035c   0x000000f0   Code   RO         1195    .text               mf_p.l(ddiv.o)
    0x0800044c   0x0800044c   0x00000028   Code   RO         1199    .text               mf_p.l(dflti.o)
    0x08000474   0x08000474   0x0000003e   Code   RO         1241    .text               mc_p.l(uidiv_div0.o)
    0x080004b2   0x080004b2   0x00000060   Code   RO         1247    .text               mc_p.l(uldiv.o)
    0x08000512   0x08000512   0x00000020   Code   RO         1249    .text               mc_p.l(llshl.o)
    0x08000532   0x08000532   0x00000026   Code   RO         1251    .text               mc_p.l(llsshr.o)
    0x08000558   0x08000558   0x00000000   Code   RO         1260    .text               mc_p.l(iusefp.o)
    0x08000558   0x08000558   0x000000be   Code   RO         1267    .text               mf_p.l(depilogue.o)
    0x08000616   0x08000616   0x00000002   PAD
    0x08000618   0x08000618   0x00000040   Code   RO         1271    .text               mf_p.l(dfixul.o)
    0x08000658   0x08000658   0x00000028   Code   RO         1273    .text               mf_p.l(cdrcmple.o)
    0x08000680   0x08000680   0x00000030   Code   RO         1275    .text               mc_p.l(init.o)
    0x080006b0   0x080006b0   0x00000008   Code   RO           30    .text.Error_Handler  main.o
    0x080006b8   0x080006b8   0x00000024   Code   RO          355    .text.HAL_Delay     stm32f0xx_hal.o
    0x080006dc   0x080006dc   0x0000019c   Code   RO          391    .text.HAL_GPIO_Init  stm32f0xx_hal_gpio.o
    0x08000878   0x08000878   0x0000000e   Code   RO          397    .text.HAL_GPIO_WritePin  stm32f0xx_hal_gpio.o
    0x08000886   0x08000886   0x00000002   PAD
    0x08000888   0x08000888   0x0000000c   Code   RO          347    .text.HAL_GetTick   stm32f0xx_hal.o
    0x08000894   0x08000894   0x00000042   Code   RO          271    .text.HAL_I2CEx_ConfigAnalogFilter  stm32f0xx_hal_i2c_ex.o
    0x080008d6   0x080008d6   0x00000042   Code   RO          273    .text.HAL_I2CEx_ConfigDigitalFilter  stm32f0xx_hal_i2c_ex.o
    0x08000918   0x08000918   0x000000ac   Code   RO          107    .text.HAL_I2C_Init  stm32f0xx_hal_i2c.o
    0x080009c4   0x080009c4   0x000001b8   Code   RO          173    .text.HAL_I2C_Mem_Read  stm32f0xx_hal_i2c.o
    0x08000b7c   0x08000b7c   0x000001a4   Code   RO          171    .text.HAL_I2C_Mem_Write  stm32f0xx_hal_i2c.o
    0x08000d20   0x08000d20   0x0000005c   Code   RO           54    .text.HAL_I2C_MspInit  i2c.o
    0x08000d7c   0x08000d7c   0x00000014   Code   RO          345    .text.HAL_IncTick   stm32f0xx_hal.o
    0x08000d90   0x08000d90   0x0000001c   Code   RO          335    .text.HAL_Init      stm32f0xx_hal.o
    0x08000dac   0x08000dac   0x00000040   Code   RO          337    .text.HAL_InitTick  stm32f0xx_hal.o
    0x08000dec   0x08000dec   0x0000002c   Code   RO           99    .text.HAL_MspInit   stm32f0xx_hal_msp.o
    0x08000e18   0x08000e18   0x00000008   Code   RO          449    .text.HAL_NVIC_SetPriority  stm32f0xx_hal_cortex.o
    0x08000e20   0x08000e20   0x000000f8   Code   RO          321    .text.HAL_RCCEx_PeriphCLKConfig  stm32f0xx_hal_rcc_ex.o
    0x08000f18   0x08000f18   0x00000104   Code   RO          291    .text.HAL_RCC_ClockConfig  stm32f0xx_hal_rcc.o
    0x0800101c   0x0800101c   0x0000001c   Code   RO          303    .text.HAL_RCC_GetPCLK1Freq  stm32f0xx_hal_rcc.o
    0x08001038   0x08001038   0x00000064   Code   RO          293    .text.HAL_RCC_GetSysClockFreq  stm32f0xx_hal_rcc.o
    0x0800109c   0x0800109c   0x000003dc   Code   RO          289    .text.HAL_RCC_OscConfig  stm32f0xx_hal_rcc.o
    0x08001478   0x08001478   0x00000034   Code   RO          461    .text.HAL_SYSTICK_Config  stm32f0xx_hal_cortex.o
    0x080014ac   0x080014ac   0x00000068   Code   RO          609    .text.HAL_UART_Init  stm32f0xx_hal_uart.o
    0x08001514   0x08001514   0x00000050   Code   RO           69    .text.HAL_UART_MspInit  usart.o
    0x08001564   0x08001564   0x00000002   Code   RO           84    .text.HardFault_Handler  stm32f0xx_it.o
    0x08001566   0x08001566   0x0000001c   Code   RO          131    .text.I2C_Flush_TXDR  stm32f0xx_hal_i2c.o
    0x08001582   0x08001582   0x00000002   PAD
    0x08001584   0x08001584   0x000000f0   Code   RO          261    .text.I2C_IsErrorOccurred  stm32f0xx_hal_i2c.o
    0x08001674   0x08001674   0x00000034   Code   RO          119    .text.I2C_TransferConfig  stm32f0xx_hal_i2c.o
    0x080016a8   0x080016a8   0x00000074   Code   RO          117    .text.I2C_WaitOnFlagUntilTimeout  stm32f0xx_hal_i2c.o
    0x0800171c   0x0800171c   0x00000054   Code   RO          123    .text.I2C_WaitOnSTOPFlagUntilTimeout  stm32f0xx_hal_i2c.o
    0x08001770   0x08001770   0x00000058   Code   RO          121    .text.I2C_WaitOnTXISFlagUntilTimeout  stm32f0xx_hal_i2c.o
    0x080017c8   0x080017c8   0x00000054   Code   RO           43    .text.MX_GPIO_Init  gpio.o
    0x0800181c   0x0800181c   0x0000005c   Code   RO           52    .text.MX_I2C1_Init  i2c.o
    0x08001878   0x08001878   0x00000038   Code   RO           67    .text.MX_USART1_UART_Init  usart.o
    0x080018b0   0x080018b0   0x00000002   Code   RO           82    .text.NMI_Handler   stm32f0xx_it.o
    0x080018b2   0x080018b2   0x00000002   Code   RO           88    .text.PendSV_Handler  stm32f0xx_it.o
    0x080018b4   0x080018b4   0x00000002   Code   RO           86    .text.SVC_Handler   stm32f0xx_it.o
    0x080018b6   0x080018b6   0x00000008   Code   RO           90    .text.SysTick_Handler  stm32f0xx_it.o
    0x080018be   0x080018be   0x00000078   Code   RO           28    .text.SystemClock_Config  main.o
    0x08001936   0x08001936   0x00000002   Code   RO          763    .text.SystemInit    system_stm32f0xx.o
    0x08001938   0x08001938   0x000000b8   Code   RO          613    .text.UART_AdvFeatureConfig  stm32f0xx_hal_uart.o
    0x080019f0   0x080019f0   0x000000b8   Code   RO          617    .text.UART_CheckIdleState  stm32f0xx_hal_uart.o
    0x08001aa8   0x08001aa8   0x0000005a   Code   RO          663    .text.UART_EndRxTransfer  stm32f0xx_hal_uart.o
    0x08001b02   0x08001b02   0x00000002   PAD
    0x08001b04   0x08001b04   0x00000108   Code   RO          615    .text.UART_SetConfig  stm32f0xx_hal_uart.o
    0x08001c0c   0x08001c0c   0x0000007c   Code   RO          629    .text.UART_WaitOnFlagUntilTimeout  stm32f0xx_hal_uart.o
    0x08001c88   0x08001c88   0x00000038   Code   RO          451    .text.__NVIC_SetPriority  stm32f0xx_hal_cortex.o
    0x08001cc0   0x08001cc0   0x00000018   Code   RO          893    .text.bmp280_Init   bmp280.o
    0x08001cd8   0x08001cd8   0x0000001c   Code   RO          891    .text.bmp280_ReadMuilt  bmp280.o
    0x08001cf4   0x08001cf4   0x0000000c   Code   RO          885    .text.bmp280_Reset  bmp280.o
    0x08001d00   0x08001d00   0x00000024   Code   RO          887    .text.bmp280_WriteCommand  bmp280.o
    0x08001d24   0x08001d24   0x0000001a   Code   RO           26    .text.main          main.o
    0x08001d3e   0x08001d3e   0x00000002   PAD
    0x08001d40   0x08001d40   0x000002fc   Code   RO           15    .text.run_thermometer  thermometer.o
    0x0800203c   0x0800203c   0x00000034   Code   RO          796    .text.ssd1306_DrawPixel  ssd1306.o
    0x08002070   0x08002070   0x00000098   Code   RO          786    .text.ssd1306_Init  ssd1306.o
    0x08002108   0x08002108   0x00000012   Code   RO          790    .text.ssd1306_SetContrast  ssd1306.o
    0x0800211a   0x0800211a   0x00000002   PAD
    0x0800211c   0x0800211c   0x00000008   Code   RO          802    .text.ssd1306_SetCursor  ssd1306.o
    0x08002124   0x08002124   0x00000020   Code   RO          788    .text.ssd1306_SetDisplayOn  ssd1306.o
    0x08002144   0x08002144   0x00000034   Code   RO          794    .text.ssd1306_UpdateScreen  ssd1306.o
    0x08002178   0x08002178   0x000000a0   Code   RO          798    .text.ssd1306_WriteChar  ssd1306.o
    0x08002218   0x08002218   0x0000001c   Code   RO          780    .text.ssd1306_WriteCommand  ssd1306.o
    0x08002234   0x08002234   0x00000020   Code   RO          782    .text.ssd1306_WriteData  ssd1306.o
    0x08002254   0x08002254   0x00000030   Code   RO          800    .text.ssd1306_WriteString  ssd1306.o
    0x08002284   0x08002284   0x00000028   Code   RO         1161    i.__0sprintf        mc_p.l(printfa.o)
    0x080022ac   0x080022ac   0x0000002e   Code   RO         1269    i.__ARM_clz         mf_p.l(depilogue.o)
    0x080022da   0x080022da   0x0000000e   Code   RO         1283    i.__scatterload_copy  mc_p.l(handlers.o)
    0x080022e8   0x080022e8   0x00000002   Code   RO         1284    i.__scatterload_null  mc_p.l(handlers.o)
    0x080022ea   0x080022ea   0x0000000e   Code   RO         1285    i.__scatterload_zeroinit  mc_p.l(handlers.o)
    0x080022f8   0x080022f8   0x00000174   Code   RO         1166    i._fp_digits        mc_p.l(printfa.o)
    0x0800246c   0x0800246c   0x000006ec   Code   RO         1167    i._printf_core      mc_p.l(printfa.o)
    0x08002b58   0x08002b58   0x00000020   Code   RO         1168    i._printf_post_padding  mc_p.l(printfa.o)
    0x08002b78   0x08002b78   0x0000002c   Code   RO         1169    i._printf_pre_padding  mc_p.l(printfa.o)
    0x08002ba4   0x08002ba4   0x0000000a   Code   RO         1171    i._sputc            mc_p.l(printfa.o)
    0x08002bae   0x08002bae   0x00000010   Data   RO          768    .rodata.AHBPrescTable  system_stm32f0xx.o
    0x08002bbe   0x08002bbe   0x00000008   Data   RO          769    .rodata.APBPrescTable  system_stm32f0xx.o
    0x08002bc6   0x08002bc6   0x0000076c   Data   RO          839    .rodata.Font7x10    ssd1306_fonts.o
    0x08003332   0x08003332   0x00000002   PAD
    0x08003334   0x08003334   0x0000000c   Data   RO          840    .rodata.Font_7x10   ssd1306_fonts.o
    0x08003340   0x08003340   0x00000020   Data   RO         1282    Region$$Table       anon$$obj.o


    Execution Region RW_IRAM1 (Exec base: 0x20000000, Load base: 0x08003360, Size: 0x000006f8, Max: 0x00001000, ABSOLUTE)

    Exec Addr    Load Addr    Size         Type   Attr      Idx    E Section Name        Object

    0x20000000   0x08003360   0x00000008   Data   RW          382    .data..L_MergedGlobals  stm32f0xx_hal.o
    0x20000008   0x08003368   0x00000004   Data   RW          767    .data.SystemCoreClock  system_stm32f0xx.o
    0x2000000c   0x0800336c   0x00000004   PAD
    0x20000010        -       0x00000004   Zero   RW          830    .bss..L_MergedGlobals  ssd1306.o
    0x20000014        -       0x00000001   Zero   RW          829    .bss.SSD1306.3      ssd1306.o
    0x20000015   0x0800336c   0x00000003   PAD
    0x20000018        -       0x00000200   Zero   RW          828    .bss.SSD1306_Buffer  ssd1306.o
    0x20000218        -       0x00000054   Zero   RW           58    .bss.hi2c1          i2c.o
    0x2000026c        -       0x00000088   Zero   RW           73    .bss.huart1         usart.o
    0x200002f4        -       0x00000004   Zero   RW          381    .bss.uwTick         stm32f0xx_hal.o
    0x200002f8        -       0x00000400   Zero   RW            1    STACK               startup_stm32f030x6.o


==============================================================================

Image component sizes


      Code (inc. data)   RO Data    RW Data    ZI Data      Debug   Object Name

       100          4          0          0          0       2175   bmp280.o
        84          4          0          0          0       1879   gpio.o
       184         20          0          0         84       4893   i2c.o
       154          0          0          0          0       3206   main.o
       582         20          0          0        517      15072   ssd1306.o
         0          0       1912          0          0        789   ssd1306_fonts.o
        28          8        176          0       1024        628   startup_stm32f030x6.o
       160         16          0          8          4       5181   stm32f0xx_hal.o
       116         20          0          0          0       5453   stm32f0xx_hal_cortex.o
       426         24          0          0          0       4845   stm32f0xx_hal_gpio.o
      1640         32          0          0          0      43095   stm32f0xx_hal_i2c.o
       132          0          0          0          0       4842   stm32f0xx_hal_i2c_ex.o
        44          4          0          0          0       1031   stm32f0xx_hal_msp.o
      1376         76          0          0          0       7142   stm32f0xx_hal_rcc.o
       248         12          0          0          0       3106   stm32f0xx_hal_rcc_ex.o
       950         56          0          0          0      36352   stm32f0xx_hal_uart.o
        16          0          0          0          0        717   stm32f0xx_it.o
         2          0         24          4          0       1815   system_stm32f0xx.o
       764        124          0          0          0       1910   thermometer.o
       136          8          0          0        136       4918   usart.o

    ----------------------------------------------------------------------
      7152        428       2146         12       1772     149049   Object Totals
         0          0         32          0          0          0   (incl. Generated)
        10          0          2          0          7          0   (incl. Padding)

    ----------------------------------------------------------------------

      Code (inc. data)   RO Data    RW Data    ZI Data      Debug   Library Member Name

         0          0          0          0          0          0   entry.o
         0          0          0          0          0          0   entry10a.o
         0          0          0          0          0          0   entry11a.o
         8          4          0          0          0          0   entry2.o
         4          0          0          0          0          0   entry5.o
         0          0          0          0          0          0   entry7b.o
         0          0          0          0          0          0   entry8b.o
         8          4          0          0          0          0   entry9a.o
        30          0          0          0          0          0   handlers.o
        48         10          0          0          0         68   init.o
         0          0          0          0          0          0   iusefp.o
        32          0          0          0          0         68   llshl.o
        38          0          0          0          0         68   llsshr.o
        34          0          0          0          0         68   llushr.o
        36          0          0          0          0        100   memseta.o
      2270         94          0          0          0        472   printfa.o
        62          0          0          0          0         72   uidiv_div0.o
        96          0          0          0          0         84   uldiv.o
        40          2          0          0          0         68   cdrcmple.o
       356          4          0          0          0        140   dadd.o
       240          6          0          0          0         84   ddiv.o
       236          0          0          0          0        216   depilogue.o
        64         10          0          0          0         68   dfixul.o
        40          6          0          0          0         68   dflti.o
       208          6          0          0          0         88   dmul.o

    ----------------------------------------------------------------------
      3854        146          0          0          0       1732   Library Totals
         4          0          0          0          0          0   (incl. Padding)

    ----------------------------------------------------------------------

      Code (inc. data)   RO Data    RW Data    ZI Data      Debug   Library Name

      2666        112          0          0          0       1000   mc_p.l
      1184         34          0          0          0        732   mf_p.l

    ----------------------------------------------------------------------
      3854        146          0          0          0       1732   Library Totals

    ----------------------------------------------------------------------

==============================================================================


      Code (inc. data)   RO Data    RW Data    ZI Data      Debug   

     11006        574       2146         12       1772     149749   Grand Totals
     11006        574       2146         12       1772     149749   ELF Image Totals
     11006        574       2146         12          0          0   ROM Totals

==============================================================================

    Total RO  Size (Code + RO Data)                13152 (  12.84kB)
    Total RW  Size (RW Data + ZI Data)              1784 (   1.74kB)
    Total ROM Size (Code + RO Data + RW Data)      13164 (  12.86kB)

==============================================================================

